[0.135s] Invoking command in '/home/legenraw/auv tasks/action_task/build/action_msg': CMAKE_PREFIX_PATH=/opt/ros/humble /usr/bin/cmake /home/legenraw/auv tasks/action_task/src/action_msg -DCMAKE_INSTALL_PREFIX=/home/legenraw/auv tasks/action_task/install/action_msg
[0.143s] -- Found ament_cmake: 1.3.12 (/opt/ros/humble/share/ament_cmake/cmake)
[0.227s] -- Found ament_lint_auto: 0.12.14 (/opt/ros/humble/share/ament_lint_auto/cmake)
[0.279s] -- Found rosidl_default_generators: 1.2.0 (/opt/ros/humble/share/rosidl_default_generators/cmake)
[0.280s] -- Using all available rosidl_typesupport_c: rosidl_typesupport_fastrtps_c;rosidl_typesupport_introspection_c
[0.282s] -- Found rosidl_adapter: 3.1.8 (/opt/ros/humble/share/rosidl_adapter/cmake)
[0.299s] -- Using all available rosidl_typesupport_cpp: rosidl_typesupport_fastrtps_cpp;rosidl_typesupport_introspection_cpp
[0.407s] [31mCMake Error at /opt/ros/humble/share/rosidl_adapter/cmake/rosidl_adapt_interfaces.cmake:59 (message):
[0.407s]   execute_process(/usr/bin/python3 -m rosidl_adapter --package-name
[0.407s]   action_msg --arguments-file /home/legenraw/auv
[0.407s]   tasks/action_task/build/action_msg/rosidl_adapter__arguments__action_msg.json
[0.407s]   --output-dir /home/legenraw/auv
[0.407s]   tasks/action_task/build/action_msg/rosidl_adapter/action_msg --output-file
[0.407s]   /home/legenraw/auv
[0.407s]   tasks/action_task/build/action_msg/rosidl_adapter/action_msg.idls) returned
[0.407s]   error code 1:
[0.407s] 
[0.407s]   Error processing 'int32 FinalCount' of 'action_msg/ActionInfo_Result':
[0.407s]   ''FinalCount' is an invalid field name.  It should have the pattern
[0.407s]   '^(?!.*__)(?!.*_$)[a-z][a-z0-9_]*$''
[0.407s] 
[0.407s]   Traceback (most recent call last):
[0.407s] 
[0.408s]     File "/usr/lib/python3.10/runpy.py", line 196, in _run_module_as_main
[0.408s]       return _run_code(code, main_globals, None,
[0.408s]     File "/usr/lib/python3.10/runpy.py", line 86, in _run_code
[0.408s]       exec(code, run_globals)
[0.408s]     File "/opt/ros/humble/local/lib/python3.10/dist-packages/rosidl_adapter/__main__.py", line 19, in <module>
[0.408s]       sys.exit(main())
[0.408s]     File "/opt/ros/humble/local/lib/python3.10/dist-packages/rosidl_adapter/main.py", line 53, in main
[0.408s]       abs_idl_file = convert_to_idl(
[0.408s]     File "/opt/ros/humble/local/lib/python3.10/dist-packages/rosidl_adapter/__init__.py", line 29, in convert_to_idl
[0.408s]       return convert_action_to_idl(
[0.408s]     File "/opt/ros/humble/local/lib/python3.10/dist-packages/rosidl_adapter/action/__init__.py", line 28, in convert_action_to_idl
[0.408s]       action = parse_action_string(package_name, input_file.stem, content)
[0.408s]     File "/opt/ros/humble/local/lib/python3.10/dist-packages/rosidl_adapter/parser.py", line 904, in parse_action_string
[0.408s]       result_message = parse_message_string(
[0.408s]     File "/opt/ros/humble/local/lib/python3.10/dist-packages/rosidl_adapter/parser.py", line 519, in parse_message_string
[0.408s]       fields.append(Field(
[0.408s]     File "/opt/ros/humble/local/lib/python3.10/dist-packages/rosidl_adapter/parser.py", line 354, in __init__
[0.408s]       raise NameError(
[0.408s] 
[0.408s]   NameError: 'FinalCount' is an invalid field name.  It should have the
[0.408s]   pattern '^(?!.*__)(?!.*_$)[a-z][a-z0-9_]*$'
[0.408s] 
[0.408s] Call Stack (most recent call first):
[0.408s]   /opt/ros/humble/share/rosidl_cmake/cmake/rosidl_generate_interfaces.cmake:130 (rosidl_adapt_interfaces)
[0.408s]   CMakeLists.txt:28 (rosidl_generate_interfaces)
[0.408s] 
[0.408s] [0m
[0.408s] -- Configuring incomplete, errors occurred!
[0.408s] See also "/home/legenraw/auv tasks/action_task/build/action_msg/CMakeFiles/CMakeOutput.log".
[0.411s] Invoked command in '/home/legenraw/auv tasks/action_task/build/action_msg' returned '1': CMAKE_PREFIX_PATH=/opt/ros/humble /usr/bin/cmake /home/legenraw/auv tasks/action_task/src/action_msg -DCMAKE_INSTALL_PREFIX=/home/legenraw/auv tasks/action_task/install/action_msg
