-- Found ament_cmake: 1.3.12 (/opt/ros/humble/share/ament_cmake/cmake)
-- Found ament_lint_auto: 0.12.14 (/opt/ros/humble/share/ament_lint_auto/cmake)
-- Found rosidl_default_generators: 1.2.0 (/opt/ros/humble/share/rosidl_default_generators/cmake)
-- Using all available rosidl_typesupport_c: rosidl_typesupport_fastrtps_c;rosidl_typesupport_introspection_c
-- Found rosidl_adapter: 3.1.8 (/opt/ros/humble/share/rosidl_adapter/cmake)
-- Using all available rosidl_typesupport_cpp: rosidl_typesupport_fastrtps_cpp;rosidl_typesupport_introspection_cpp
-- Found ament_cmake_ros: 0.10.0 (/opt/ros/humble/share/ament_cmake_ros/cmake)
-- Using all available rosidl_typesupport_c: rosidl_typesupport_fastrtps_c;rosidl_typesupport_introspection_c
-- Using all available rosidl_typesupport_cpp: rosidl_typesupport_fastrtps_cpp;rosidl_typesupport_introspection_cpp
-- Found PythonInterp: /usr/bin/python3 (found suitable version "3.10.12", minimum required is "3.6") 
-- Found python_cmake_module: 0.10.0 (/opt/ros/humble/share/python_cmake_module/cmake)
-- Found PythonLibs: /usr/lib/x86_64-linux-gnu/libpython3.10.so (found suitable version "3.10.12", minimum required is "3.5") 
-- Using PYTHON_EXECUTABLE: /usr/bin/python3
-- Using PYTHON_INCLUDE_DIRS: /usr/include/python3.10
-- Using PYTHON_LIBRARIES: /usr/lib/x86_64-linux-gnu/libpython3.10.so
-- Found PythonExtra: .so  
-- Added test 'lint_cmake' to check CMake code style
-- Added test 'xmllint' to check XML markup files
-- Configuring done
-- Generating done
-- Build files have been written to: /home/legenraw/auv tasks/action_task/build/action_msg
[  3%] [34m[1mGenerating C code for ROS interfaces[0m
[  6%] [34m[1mGenerating C++ code for ROS interfaces[0m
[  6%] Built target ament_cmake_python_copy_action_msg
running egg_info
creating action_msg.egg-info
writing action_msg.egg-info/PKG-INFO
writing dependency_links to action_msg.egg-info/dependency_links.txt
writing top-level names to action_msg.egg-info/top_level.txt
writing manifest file 'action_msg.egg-info/SOURCES.txt'
reading manifest file 'action_msg.egg-info/SOURCES.txt'
writing manifest file 'action_msg.egg-info/SOURCES.txt'
[  6%] Built target ament_cmake_python_build_action_msg_egg
[  9%] [32mBuilding C object CMakeFiles/action_msg__rosidl_generator_c.dir/rosidl_generator_c/action_msg/action/detail/action_info__functions.c.o[0m
[  9%] Built target action_msg__cpp
[ 12%] [34m[1mGenerating C++ type support dispatch for ROS interfaces[0m
[ 16%] [34m[1mGenerating C++ type support for eProsima Fast-RTPS[0m
[ 19%] [34m[1mGenerating C++ introspection for ROS interfaces[0m
[ 22%] [32m[1mLinking C shared library libaction_msg__rosidl_generator_c.so[0m
[ 22%] Built target action_msg__rosidl_generator_c
[ 32%] [34m[1mGenerating C type support for eProsima Fast-RTPS[0m
[ 32%] [34m[1mGenerating C type support dispatch for ROS interfaces[0m
[ 32%] [34m[1mGenerating C introspection for ROS interfaces[0m
[ 35%] [32mBuilding CXX object CMakeFiles/action_msg__rosidl_typesupport_cpp.dir/rosidl_typesupport_cpp/action_msg/action/action_info__type_support.cpp.o[0m
[ 38%] [32mBuilding CXX object CMakeFiles/action_msg__rosidl_typesupport_introspection_cpp.dir/rosidl_typesupport_introspection_cpp/action_msg/action/detail/action_info__type_support.cpp.o[0m
[ 41%] [32mBuilding CXX object CMakeFiles/action_msg__rosidl_typesupport_fastrtps_cpp.dir/rosidl_typesupport_fastrtps_cpp/action_msg/action/detail/dds_fastrtps/action_info__type_support.cpp.o[0m
[ 45%] [32mBuilding CXX object CMakeFiles/action_msg__rosidl_typesupport_c.dir/rosidl_typesupport_c/action_msg/action/action_info__type_support.cpp.o[0m
[ 48%] [32m[1mLinking CXX shared library libaction_msg__rosidl_typesupport_c.so[0m
[ 51%] [32mBuilding C object CMakeFiles/action_msg__rosidl_typesupport_introspection_c.dir/rosidl_typesupport_introspection_c/action_msg/action/detail/action_info__type_support.c.o[0m
[ 54%] [32mBuilding CXX object CMakeFiles/action_msg__rosidl_typesupport_fastrtps_c.dir/rosidl_typesupport_fastrtps_c/action_msg/action/detail/action_info__type_support_c.cpp.o[0m
[ 54%] Built target action_msg__rosidl_typesupport_c
[ 58%] [32m[1mLinking C shared library libaction_msg__rosidl_typesupport_introspection_c.so[0m
[ 58%] Built target action_msg__rosidl_typesupport_introspection_c
[ 61%] [32m[1mLinking CXX shared library libaction_msg__rosidl_typesupport_cpp.so[0m
[ 61%] Built target action_msg__rosidl_typesupport_cpp
[ 67%] [32m[1mLinking CXX shared library libaction_msg__rosidl_typesupport_introspection_cpp.so[0m
[ 67%] [32m[1mLinking CXX shared library libaction_msg__rosidl_typesupport_fastrtps_c.so[0m
[ 67%] Built target action_msg__rosidl_typesupport_fastrtps_c
[ 67%] Built target action_msg__rosidl_typesupport_introspection_cpp
[ 70%] [32m[1mLinking CXX shared library libaction_msg__rosidl_typesupport_fastrtps_cpp.so[0m
[ 70%] Built target action_msg__rosidl_typesupport_fastrtps_cpp
[ 70%] Built target action_msg
[ 74%] [34m[1mGenerating Python code for ROS interfaces[0m
[ 74%] Built target action_msg__py
[ 77%] [32mBuilding C object CMakeFiles/action_msg__rosidl_generator_py.dir/rosidl_generator_py/action_msg/action/_action_info_s.c.o[0m
[ 80%] [32m[1mLinking C shared library rosidl_generator_py/action_msg/libaction_msg__rosidl_generator_py.so[0m
[ 80%] Built target action_msg__rosidl_generator_py
[ 83%] [32mBuilding C object CMakeFiles/action_msg__rosidl_typesupport_fastrtps_c__pyext.dir/rosidl_generator_py/action_msg/_action_msg_s.ep.rosidl_typesupport_fastrtps_c.c.o[0m
[ 87%] [32mBuilding C object CMakeFiles/action_msg__rosidl_typesupport_introspection_c__pyext.dir/rosidl_generator_py/action_msg/_action_msg_s.ep.rosidl_typesupport_introspection_c.c.o[0m
[ 90%] [32mBuilding C object CMakeFiles/action_msg__rosidl_typesupport_c__pyext.dir/rosidl_generator_py/action_msg/_action_msg_s.ep.rosidl_typesupport_c.c.o[0m
[ 93%] [32m[1mLinking C shared library rosidl_generator_py/action_msg/action_msg_s__rosidl_typesupport_fastrtps_c.cpython-310-x86_64-linux-gnu.so[0m
[ 96%] [32m[1mLinking C shared library rosidl_generator_py/action_msg/action_msg_s__rosidl_typesupport_introspection_c.cpython-310-x86_64-linux-gnu.so[0m
[100%] [32m[1mLinking C shared library rosidl_generator_py/action_msg/action_msg_s__rosidl_typesupport_c.cpython-310-x86_64-linux-gnu.so[0m
[100%] Built target action_msg__rosidl_typesupport_fastrtps_c__pyext
[100%] Built target action_msg__rosidl_typesupport_c__pyext
[100%] Built target action_msg__rosidl_typesupport_introspection_c__pyext
-- Install configuration: ""
-- Installing: /home/legenraw/auv tasks/action_task/install/action_msg/share/ament_index/resource_index/rosidl_interfaces/action_msg
-- Installing: /home/legenraw/auv tasks/action_task/install/action_msg/include/action_msg/action_msg
-- Installing: /home/legenraw/auv tasks/action_task/install/action_msg/include/action_msg/action_msg/msg
-- Installing: /home/legenraw/auv tasks/action_task/install/action_msg/include/action_msg/action_msg/msg/rosidl_generator_c__visibility_control.h
-- Installing: /home/legenraw/auv tasks/action_task/install/action_msg/include/action_msg/action_msg/action
-- Installing: /home/legenraw/auv tasks/action_task/install/action_msg/include/action_msg/action_msg/action/detail
-- Installing: /home/legenraw/auv tasks/action_task/install/action_msg/include/action_msg/action_msg/action/detail/action_info__type_support.h
-- Installing: /home/legenraw/auv tasks/action_task/install/action_msg/include/action_msg/action_msg/action/detail/action_info__functions.h
-- Installing: /home/legenraw/auv tasks/action_task/install/action_msg/include/action_msg/action_msg/action/detail/action_info__functions.c
-- Installing: /home/legenraw/auv tasks/action_task/install/action_msg/include/action_msg/action_msg/action/detail/action_info__struct.h
-- Installing: /home/legenraw/auv tasks/action_task/install/action_msg/include/action_msg/action_msg/action/action_info.h
-- Installing: /home/legenraw/auv tasks/action_task/install/action_msg/share/action_msg/environment/library_path.sh
-- Installing: /home/legenraw/auv tasks/action_task/install/action_msg/share/action_msg/environment/library_path.dsv
-- Installing: /home/legenraw/auv tasks/action_task/install/action_msg/lib/libaction_msg__rosidl_generator_c.so
-- Set runtime path of "/home/legenraw/auv tasks/action_task/install/action_msg/lib/libaction_msg__rosidl_generator_c.so" to ""
-- Up-to-date: /home/legenraw/auv tasks/action_task/install/action_msg/include/action_msg/action_msg
-- Up-to-date: /home/legenraw/auv tasks/action_task/install/action_msg/include/action_msg/action_msg/msg
-- Installing: /home/legenraw/auv tasks/action_task/install/action_msg/include/action_msg/action_msg/msg/rosidl_typesupport_fastrtps_c__visibility_control.h
-- Up-to-date: /home/legenraw/auv tasks/action_task/install/action_msg/include/action_msg/action_msg/action
-- Up-to-date: /home/legenraw/auv tasks/action_task/install/action_msg/include/action_msg/action_msg/action/detail
-- Installing: /home/legenraw/auv tasks/action_task/install/action_msg/include/action_msg/action_msg/action/detail/action_info__rosidl_typesupport_fastrtps_c.h
-- Installing: /home/legenraw/auv tasks/action_task/install/action_msg/lib/libaction_msg__rosidl_typesupport_fastrtps_c.so
-- Set runtime path of "/home/legenraw/auv tasks/action_task/install/action_msg/lib/libaction_msg__rosidl_typesupport_fastrtps_c.so" to ""
-- Up-to-date: /home/legenraw/auv tasks/action_task/install/action_msg/include/action_msg/action_msg
-- Up-to-date: /home/legenraw/auv tasks/action_task/install/action_msg/include/action_msg/action_msg/msg
-- Installing: /home/legenraw/auv tasks/action_task/install/action_msg/include/action_msg/action_msg/msg/rosidl_typesupport_introspection_c__visibility_control.h
-- Up-to-date: /home/legenraw/auv tasks/action_task/install/action_msg/include/action_msg/action_msg/action
-- Up-to-date: /home/legenraw/auv tasks/action_task/install/action_msg/include/action_msg/action_msg/action/detail
-- Installing: /home/legenraw/auv tasks/action_task/install/action_msg/include/action_msg/action_msg/action/detail/action_info__rosidl_typesupport_introspection_c.h
-- Installing: /home/legenraw/auv tasks/action_task/install/action_msg/include/action_msg/action_msg/action/detail/action_info__type_support.c
-- Installing: /home/legenraw/auv tasks/action_task/install/action_msg/lib/libaction_msg__rosidl_typesupport_introspection_c.so
-- Set runtime path of "/home/legenraw/auv tasks/action_task/install/action_msg/lib/libaction_msg__rosidl_typesupport_introspection_c.so" to ""
-- Installing: /home/legenraw/auv tasks/action_task/install/action_msg/lib/libaction_msg__rosidl_typesupport_c.so
-- Set runtime path of "/home/legenraw/auv tasks/action_task/install/action_msg/lib/libaction_msg__rosidl_typesupport_c.so" to ""
-- Up-to-date: /home/legenraw/auv tasks/action_task/install/action_msg/include/action_msg/action_msg
-- Up-to-date: /home/legenraw/auv tasks/action_task/install/action_msg/include/action_msg/action_msg/msg
-- Installing: /home/legenraw/auv tasks/action_task/install/action_msg/include/action_msg/action_msg/msg/rosidl_generator_cpp__visibility_control.hpp
-- Up-to-date: /home/legenraw/auv tasks/action_task/install/action_msg/include/action_msg/action_msg/action
-- Up-to-date: /home/legenraw/auv tasks/action_task/install/action_msg/include/action_msg/action_msg/action/detail
-- Installing: /home/legenraw/auv tasks/action_task/install/action_msg/include/action_msg/action_msg/action/detail/action_info__traits.hpp
-- Installing: /home/legenraw/auv tasks/action_task/install/action_msg/include/action_msg/action_msg/action/detail/action_info__struct.hpp
-- Installing: /home/legenraw/auv tasks/action_task/install/action_msg/include/action_msg/action_msg/action/detail/action_info__type_support.hpp
-- Installing: /home/legenraw/auv tasks/action_task/install/action_msg/include/action_msg/action_msg/action/detail/action_info__builder.hpp
-- Installing: /home/legenraw/auv tasks/action_task/install/action_msg/include/action_msg/action_msg/action/action_info.hpp
-- Up-to-date: /home/legenraw/auv tasks/action_task/install/action_msg/include/action_msg/action_msg
-- Up-to-date: /home/legenraw/auv tasks/action_task/install/action_msg/include/action_msg/action_msg/msg
-- Installing: /home/legenraw/auv tasks/action_task/install/action_msg/include/action_msg/action_msg/msg/rosidl_typesupport_fastrtps_cpp__visibility_control.h
-- Up-to-date: /home/legenraw/auv tasks/action_task/install/action_msg/include/action_msg/action_msg/action
-- Up-to-date: /home/legenraw/auv tasks/action_task/install/action_msg/include/action_msg/action_msg/action/detail
-- Installing: /home/legenraw/auv tasks/action_task/install/action_msg/include/action_msg/action_msg/action/detail/action_info__rosidl_typesupport_fastrtps_cpp.hpp
-- Installing: /home/legenraw/auv tasks/action_task/install/action_msg/include/action_msg/action_msg/action/detail/dds_fastrtps
-- Installing: /home/legenraw/auv tasks/action_task/install/action_msg/lib/libaction_msg__rosidl_typesupport_fastrtps_cpp.so
-- Set runtime path of "/home/legenraw/auv tasks/action_task/install/action_msg/lib/libaction_msg__rosidl_typesupport_fastrtps_cpp.so" to ""
-- Up-to-date: /home/legenraw/auv tasks/action_task/install/action_msg/include/action_msg/action_msg
-- Up-to-date: /home/legenraw/auv tasks/action_task/install/action_msg/include/action_msg/action_msg/action
-- Up-to-date: /home/legenraw/auv tasks/action_task/install/action_msg/include/action_msg/action_msg/action/detail
-- Installing: /home/legenraw/auv tasks/action_task/install/action_msg/include/action_msg/action_msg/action/detail/action_info__rosidl_typesupport_introspection_cpp.hpp
-- Installing: /home/legenraw/auv tasks/action_task/install/action_msg/include/action_msg/action_msg/action/detail/action_info__type_support.cpp
-- Installing: /home/legenraw/auv tasks/action_task/install/action_msg/lib/libaction_msg__rosidl_typesupport_introspection_cpp.so
-- Set runtime path of "/home/legenraw/auv tasks/action_task/install/action_msg/lib/libaction_msg__rosidl_typesupport_introspection_cpp.so" to ""
-- Installing: /home/legenraw/auv tasks/action_task/install/action_msg/lib/libaction_msg__rosidl_typesupport_cpp.so
-- Set runtime path of "/home/legenraw/auv tasks/action_task/install/action_msg/lib/libaction_msg__rosidl_typesupport_cpp.so" to ""
-- Installing: /home/legenraw/auv tasks/action_task/install/action_msg/share/action_msg/environment/pythonpath.sh
-- Installing: /home/legenraw/auv tasks/action_task/install/action_msg/share/action_msg/environment/pythonpath.dsv
-- Installing: /home/legenraw/auv tasks/action_task/install/action_msg/local/lib/python3.10/dist-packages/action_msg-0.0.0-py3.10.egg-info
-- Installing: /home/legenraw/auv tasks/action_task/install/action_msg/local/lib/python3.10/dist-packages/action_msg-0.0.0-py3.10.egg-info/top_level.txt
-- Installing: /home/legenraw/auv tasks/action_task/install/action_msg/local/lib/python3.10/dist-packages/action_msg-0.0.0-py3.10.egg-info/dependency_links.txt
-- Installing: /home/legenraw/auv tasks/action_task/install/action_msg/local/lib/python3.10/dist-packages/action_msg-0.0.0-py3.10.egg-info/SOURCES.txt
-- Installing: /home/legenraw/auv tasks/action_task/install/action_msg/local/lib/python3.10/dist-packages/action_msg-0.0.0-py3.10.egg-info/PKG-INFO
-- Installing: /home/legenraw/auv tasks/action_task/install/action_msg/local/lib/python3.10/dist-packages/action_msg
-- Installing: /home/legenraw/auv tasks/action_task/install/action_msg/local/lib/python3.10/dist-packages/action_msg/__init__.py
-- Installing: /home/legenraw/auv tasks/action_task/install/action_msg/local/lib/python3.10/dist-packages/action_msg/action_msg_s__rosidl_typesupport_fastrtps_c.cpython-310-x86_64-linux-gnu.so
-- Installing: /home/legenraw/auv tasks/action_task/install/action_msg/local/lib/python3.10/dist-packages/action_msg/_action_msg_s.ep.rosidl_typesupport_fastrtps_c.c
-- Installing: /home/legenraw/auv tasks/action_task/install/action_msg/local/lib/python3.10/dist-packages/action_msg/action
-- Installing: /home/legenraw/auv tasks/action_task/install/action_msg/local/lib/python3.10/dist-packages/action_msg/action/__init__.py
-- Installing: /home/legenraw/auv tasks/action_task/install/action_msg/local/lib/python3.10/dist-packages/action_msg/action/_action_info_s.c
-- Installing: /home/legenraw/auv tasks/action_task/install/action_msg/local/lib/python3.10/dist-packages/action_msg/action/_action_info.py
-- Installing: /home/legenraw/auv tasks/action_task/install/action_msg/local/lib/python3.10/dist-packages/action_msg/action_msg_s__rosidl_typesupport_c.cpython-310-x86_64-linux-gnu.so
-- Installing: /home/legenraw/auv tasks/action_task/install/action_msg/local/lib/python3.10/dist-packages/action_msg/_action_msg_s.ep.rosidl_typesupport_introspection_c.c
-- Installing: /home/legenraw/auv tasks/action_task/install/action_msg/local/lib/python3.10/dist-packages/action_msg/_action_msg_s.ep.rosidl_typesupport_c.c
-- Installing: /home/legenraw/auv tasks/action_task/install/action_msg/local/lib/python3.10/dist-packages/action_msg/libaction_msg__rosidl_generator_py.so
-- Installing: /home/legenraw/auv tasks/action_task/install/action_msg/local/lib/python3.10/dist-packages/action_msg/action_msg_s__rosidl_typesupport_introspection_c.cpython-310-x86_64-linux-gnu.so
Listing '/home/legenraw/auv tasks/action_task/install/action_msg/local/lib/python3.10/dist-packages/action_msg'...
Compiling '/home/legenraw/auv tasks/action_task/install/action_msg/local/lib/python3.10/dist-packages/action_msg/__init__.py'...
Listing '/home/legenraw/auv tasks/action_task/install/action_msg/local/lib/python3.10/dist-packages/action_msg/action'...
Compiling '/home/legenraw/auv tasks/action_task/install/action_msg/local/lib/python3.10/dist-packages/action_msg/action/__init__.py'...
Compiling '/home/legenraw/auv tasks/action_task/install/action_msg/local/lib/python3.10/dist-packages/action_msg/action/_action_info.py'...
-- Installing: /home/legenraw/auv tasks/action_task/install/action_msg/local/lib/python3.10/dist-packages/action_msg/action_msg_s__rosidl_typesupport_fastrtps_c.cpython-310-x86_64-linux-gnu.so
-- Set runtime path of "/home/legenraw/auv tasks/action_task/install/action_msg/local/lib/python3.10/dist-packages/action_msg/action_msg_s__rosidl_typesupport_fastrtps_c.cpython-310-x86_64-linux-gnu.so" to ""
-- Installing: /home/legenraw/auv tasks/action_task/install/action_msg/local/lib/python3.10/dist-packages/action_msg/action_msg_s__rosidl_typesupport_introspection_c.cpython-310-x86_64-linux-gnu.so
-- Set runtime path of "/home/legenraw/auv tasks/action_task/install/action_msg/local/lib/python3.10/dist-packages/action_msg/action_msg_s__rosidl_typesupport_introspection_c.cpython-310-x86_64-linux-gnu.so" to ""
-- Installing: /home/legenraw/auv tasks/action_task/install/action_msg/local/lib/python3.10/dist-packages/action_msg/action_msg_s__rosidl_typesupport_c.cpython-310-x86_64-linux-gnu.so
-- Set runtime path of "/home/legenraw/auv tasks/action_task/install/action_msg/local/lib/python3.10/dist-packages/action_msg/action_msg_s__rosidl_typesupport_c.cpython-310-x86_64-linux-gnu.so" to ""
-- Installing: /home/legenraw/auv tasks/action_task/install/action_msg/lib/libaction_msg__rosidl_generator_py.so
-- Set runtime path of "/home/legenraw/auv tasks/action_task/install/action_msg/lib/libaction_msg__rosidl_generator_py.so" to ""
-- Installing: /home/legenraw/auv tasks/action_task/install/action_msg/share/action_msg/action/ActionInfo.idl
-- Installing: /home/legenraw/auv tasks/action_task/install/action_msg/share/action_msg/action/ActionInfo.action
-- Installing: /home/legenraw/auv tasks/action_task/install/action_msg/share/ament_index/resource_index/package_run_dependencies/action_msg
-- Installing: /home/legenraw/auv tasks/action_task/install/action_msg/share/ament_index/resource_index/parent_prefix_path/action_msg
-- Installing: /home/legenraw/auv tasks/action_task/install/action_msg/share/action_msg/environment/ament_prefix_path.sh
-- Installing: /home/legenraw/auv tasks/action_task/install/action_msg/share/action_msg/environment/ament_prefix_path.dsv
-- Installing: /home/legenraw/auv tasks/action_task/install/action_msg/share/action_msg/environment/path.sh
-- Installing: /home/legenraw/auv tasks/action_task/install/action_msg/share/action_msg/environment/path.dsv
-- Installing: /home/legenraw/auv tasks/action_task/install/action_msg/share/action_msg/local_setup.bash
-- Installing: /home/legenraw/auv tasks/action_task/install/action_msg/share/action_msg/local_setup.sh
-- Installing: /home/legenraw/auv tasks/action_task/install/action_msg/share/action_msg/local_setup.zsh
-- Installing: /home/legenraw/auv tasks/action_task/install/action_msg/share/action_msg/local_setup.dsv
-- Installing: /home/legenraw/auv tasks/action_task/install/action_msg/share/action_msg/package.dsv
-- Installing: /home/legenraw/auv tasks/action_task/install/action_msg/share/ament_index/resource_index/packages/action_msg
-- Installing: /home/legenraw/auv tasks/action_task/install/action_msg/share/action_msg/cmake/export_action_msg__rosidl_generator_cExport.cmake
-- Installing: /home/legenraw/auv tasks/action_task/install/action_msg/share/action_msg/cmake/export_action_msg__rosidl_generator_cExport-noconfig.cmake
-- Installing: /home/legenraw/auv tasks/action_task/install/action_msg/share/action_msg/cmake/export_action_msg__rosidl_typesupport_fastrtps_cExport.cmake
-- Installing: /home/legenraw/auv tasks/action_task/install/action_msg/share/action_msg/cmake/export_action_msg__rosidl_typesupport_fastrtps_cExport-noconfig.cmake
-- Installing: /home/legenraw/auv tasks/action_task/install/action_msg/share/action_msg/cmake/action_msg__rosidl_typesupport_introspection_cExport.cmake
-- Installing: /home/legenraw/auv tasks/action_task/install/action_msg/share/action_msg/cmake/action_msg__rosidl_typesupport_introspection_cExport-noconfig.cmake
-- Installing: /home/legenraw/auv tasks/action_task/install/action_msg/share/action_msg/cmake/action_msg__rosidl_typesupport_cExport.cmake
-- Installing: /home/legenraw/auv tasks/action_task/install/action_msg/share/action_msg/cmake/action_msg__rosidl_typesupport_cExport-noconfig.cmake
-- Installing: /home/legenraw/auv tasks/action_task/install/action_msg/share/action_msg/cmake/export_action_msg__rosidl_generator_cppExport.cmake
-- Installing: /home/legenraw/auv tasks/action_task/install/action_msg/share/action_msg/cmake/export_action_msg__rosidl_typesupport_fastrtps_cppExport.cmake
-- Installing: /home/legenraw/auv tasks/action_task/install/action_msg/share/action_msg/cmake/export_action_msg__rosidl_typesupport_fastrtps_cppExport-noconfig.cmake
-- Installing: /home/legenraw/auv tasks/action_task/install/action_msg/share/action_msg/cmake/action_msg__rosidl_typesupport_introspection_cppExport.cmake
-- Installing: /home/legenraw/auv tasks/action_task/install/action_msg/share/action_msg/cmake/action_msg__rosidl_typesupport_introspection_cppExport-noconfig.cmake
-- Installing: /home/legenraw/auv tasks/action_task/install/action_msg/share/action_msg/cmake/action_msg__rosidl_typesupport_cppExport.cmake
-- Installing: /home/legenraw/auv tasks/action_task/install/action_msg/share/action_msg/cmake/action_msg__rosidl_typesupport_cppExport-noconfig.cmake
-- Installing: /home/legenraw/auv tasks/action_task/install/action_msg/share/action_msg/cmake/export_action_msg__rosidl_generator_pyExport.cmake
-- Installing: /home/legenraw/auv tasks/action_task/install/action_msg/share/action_msg/cmake/export_action_msg__rosidl_generator_pyExport-noconfig.cmake
-- Installing: /home/legenraw/auv tasks/action_task/install/action_msg/share/action_msg/cmake/rosidl_cmake-extras.cmake
-- Installing: /home/legenraw/auv tasks/action_task/install/action_msg/share/action_msg/cmake/ament_cmake_export_dependencies-extras.cmake
-- Installing: /home/legenraw/auv tasks/action_task/install/action_msg/share/action_msg/cmake/ament_cmake_export_include_directories-extras.cmake
-- Installing: /home/legenraw/auv tasks/action_task/install/action_msg/share/action_msg/cmake/ament_cmake_export_libraries-extras.cmake
-- Installing: /home/legenraw/auv tasks/action_task/install/action_msg/share/action_msg/cmake/ament_cmake_export_targets-extras.cmake
-- Installing: /home/legenraw/auv tasks/action_task/install/action_msg/share/action_msg/cmake/rosidl_cmake_export_typesupport_targets-extras.cmake
-- Installing: /home/legenraw/auv tasks/action_task/install/action_msg/share/action_msg/cmake/rosidl_cmake_export_typesupport_libraries-extras.cmake
-- Installing: /home/legenraw/auv tasks/action_task/install/action_msg/share/action_msg/cmake/action_msgConfig.cmake
-- Installing: /home/legenraw/auv tasks/action_task/install/action_msg/share/action_msg/cmake/action_msgConfig-version.cmake
-- Installing: /home/legenraw/auv tasks/action_task/install/action_msg/share/action_msg/package.xml
