[0.112s] Invoking command in '/home/legenraw/auv tasks/action_task/build/action_msg': CMAKE_PREFIX_PATH=/opt/ros/humble /usr/bin/cmake /home/legenraw/auv tasks/action_task/src/action_msg -DCMAKE_INSTALL_PREFIX=/home/legenraw/auv tasks/action_task/install/action_msg
[0.120s] -- Found ament_cmake: 1.3.12 (/opt/ros/humble/share/ament_cmake/cmake)
[0.197s] -- Found ament_lint_auto: 0.12.14 (/opt/ros/humble/share/ament_lint_auto/cmake)
[0.256s] -- Found rosidl_default_generators: 1.2.0 (/opt/ros/humble/share/rosidl_default_generators/cmake)
[0.257s] -- Using all available rosidl_typesupport_c: rosidl_typesupport_fastrtps_c;rosidl_typesupport_introspection_c
[0.258s] -- Found rosidl_adapter: 3.1.8 (/opt/ros/humble/share/rosidl_adapter/cmake)
[0.275s] -- Using all available rosidl_typesupport_cpp: rosidl_typesupport_fastrtps_cpp;rosidl_typesupport_introspection_cpp
[0.412s] -- Found ament_cmake_ros: 0.10.0 (/opt/ros/humble/share/ament_cmake_ros/cmake)
[0.549s] -- Using all available rosidl_typesupport_c: rosidl_typesupport_fastrtps_c;rosidl_typesupport_introspection_c
[0.740s] -- Using all available rosidl_typesupport_cpp: rosidl_typesupport_fastrtps_cpp;rosidl_typesupport_introspection_cpp
[0.761s] -- Found PythonInterp: /usr/bin/python3 (found suitable version "3.10.12", minimum required is "3.6") 
[0.762s] -- Found python_cmake_module: 0.10.0 (/opt/ros/humble/share/python_cmake_module/cmake)
[0.784s] -- Found PythonLibs: /usr/lib/x86_64-linux-gnu/libpython3.10.so (found suitable version "3.10.12", minimum required is "3.5") 
[0.784s] -- Using PYTHON_EXECUTABLE: /usr/bin/python3
[0.784s] -- Using PYTHON_INCLUDE_DIRS: /usr/include/python3.10
[0.785s] -- Using PYTHON_LIBRARIES: /usr/lib/x86_64-linux-gnu/libpython3.10.so
[0.805s] -- Found PythonExtra: .so  
[0.833s] -- Added test 'lint_cmake' to check CMake code style
[0.834s] -- Added test 'xmllint' to check XML markup files
[0.837s] -- Configuring done
[0.850s] -- Generating done
[0.855s] -- Build files have been written to: /home/legenraw/auv tasks/action_task/build/action_msg
[0.858s] Invoked command in '/home/legenraw/auv tasks/action_task/build/action_msg' returned '0': CMAKE_PREFIX_PATH=/opt/ros/humble /usr/bin/cmake /home/legenraw/auv tasks/action_task/src/action_msg -DCMAKE_INSTALL_PREFIX=/home/legenraw/auv tasks/action_task/install/action_msg
[0.860s] Invoking command in '/home/legenraw/auv tasks/action_task/build/action_msg': CMAKE_PREFIX_PATH=/opt/ros/humble /usr/bin/cmake --build /home/legenraw/auv tasks/action_task/build/action_msg -- -j24 -l24
[0.889s] [  3%] [34m[1mGenerating C code for ROS interfaces[0m
[0.896s] [  6%] [34m[1mGenerating C++ code for ROS interfaces[0m
[0.902s] [  6%] Built target ament_cmake_python_copy_action_msg
[1.018s] running egg_info
[1.018s] creating action_msg.egg-info
[1.018s] writing action_msg.egg-info/PKG-INFO
[1.018s] writing dependency_links to action_msg.egg-info/dependency_links.txt
[1.018s] writing top-level names to action_msg.egg-info/top_level.txt
[1.018s] writing manifest file 'action_msg.egg-info/SOURCES.txt'
[1.019s] reading manifest file 'action_msg.egg-info/SOURCES.txt'
[1.019s] writing manifest file 'action_msg.egg-info/SOURCES.txt'
[1.035s] [  6%] Built target ament_cmake_python_build_action_msg_egg
[1.104s] [  9%] [32mBuilding C object CMakeFiles/action_msg__rosidl_generator_c.dir/rosidl_generator_c/action_msg/action/detail/action_info__functions.c.o[0m
[1.117s] [  9%] Built target action_msg__cpp
[1.122s] [ 12%] [34m[1mGenerating C++ type support dispatch for ROS interfaces[0m
[1.122s] [ 16%] [34m[1mGenerating C++ type support for eProsima Fast-RTPS[0m
[1.124s] [ 19%] [34m[1mGenerating C++ introspection for ROS interfaces[0m
[1.183s] [ 22%] [32m[1mLinking C shared library libaction_msg__rosidl_generator_c.so[0m
[1.207s] [ 22%] Built target action_msg__rosidl_generator_c
[1.214s] [ 32%] [34m[1mGenerating C type support for eProsima Fast-RTPS[0m
[1.214s] [ 32%] [34m[1mGenerating C type support dispatch for ROS interfaces[0m
[1.214s] [ 32%] [34m[1mGenerating C introspection for ROS interfaces[0m
[1.270s] [ 35%] [32mBuilding CXX object CMakeFiles/action_msg__rosidl_typesupport_cpp.dir/rosidl_typesupport_cpp/action_msg/action/action_info__type_support.cpp.o[0m
[1.291s] [ 38%] [32mBuilding CXX object CMakeFiles/action_msg__rosidl_typesupport_introspection_cpp.dir/rosidl_typesupport_introspection_cpp/action_msg/action/detail/action_info__type_support.cpp.o[0m
[1.356s] [ 41%] [32mBuilding CXX object CMakeFiles/action_msg__rosidl_typesupport_fastrtps_cpp.dir/rosidl_typesupport_fastrtps_cpp/action_msg/action/detail/dds_fastrtps/action_info__type_support.cpp.o[0m
[1.366s] [ 45%] [32mBuilding CXX object CMakeFiles/action_msg__rosidl_typesupport_c.dir/rosidl_typesupport_c/action_msg/action/action_info__type_support.cpp.o[0m
[1.395s] [ 48%] [32m[1mLinking CXX shared library libaction_msg__rosidl_typesupport_c.so[0m
[1.402s] [ 51%] [32mBuilding C object CMakeFiles/action_msg__rosidl_typesupport_introspection_c.dir/rosidl_typesupport_introspection_c/action_msg/action/detail/action_info__type_support.c.o[0m
[1.415s] [ 54%] [32mBuilding CXX object CMakeFiles/action_msg__rosidl_typesupport_fastrtps_c.dir/rosidl_typesupport_fastrtps_c/action_msg/action/detail/action_info__type_support_c.cpp.o[0m
[1.425s] [ 54%] Built target action_msg__rosidl_typesupport_c
[1.431s] [ 58%] [32m[1mLinking C shared library libaction_msg__rosidl_typesupport_introspection_c.so[0m
[1.454s] [ 58%] Built target action_msg__rosidl_typesupport_introspection_c
[1.524s] [ 61%] [32m[1mLinking CXX shared library libaction_msg__rosidl_typesupport_cpp.so[0m
[1.551s] [ 61%] Built target action_msg__rosidl_typesupport_cpp
[1.592s] [ 67%] [32m[1mLinking CXX shared library libaction_msg__rosidl_typesupport_introspection_cpp.so[0m
[1.592s] [ 67%] [32m[1mLinking CXX shared library libaction_msg__rosidl_typesupport_fastrtps_c.so[0m
[1.634s] [ 67%] Built target action_msg__rosidl_typesupport_fastrtps_c
[1.635s] [ 67%] Built target action_msg__rosidl_typesupport_introspection_cpp
[1.649s] [ 70%] [32m[1mLinking CXX shared library libaction_msg__rosidl_typesupport_fastrtps_cpp.so[0m
[1.692s] [ 70%] Built target action_msg__rosidl_typesupport_fastrtps_cpp
[1.709s] [ 70%] Built target action_msg
[1.730s] [ 74%] [34m[1mGenerating Python code for ROS interfaces[0m
[2.033s] [ 74%] Built target action_msg__py
[2.051s] [ 77%] [32mBuilding C object CMakeFiles/action_msg__rosidl_generator_py.dir/rosidl_generator_py/action_msg/action/_action_info_s.c.o[0m
[2.149s] [ 80%] [32m[1mLinking C shared library rosidl_generator_py/action_msg/libaction_msg__rosidl_generator_py.so[0m
[2.181s] [ 80%] Built target action_msg__rosidl_generator_py
[2.198s] [ 83%] [32mBuilding C object CMakeFiles/action_msg__rosidl_typesupport_fastrtps_c__pyext.dir/rosidl_generator_py/action_msg/_action_msg_s.ep.rosidl_typesupport_fastrtps_c.c.o[0m
[2.199s] [ 87%] [32mBuilding C object CMakeFiles/action_msg__rosidl_typesupport_introspection_c__pyext.dir/rosidl_generator_py/action_msg/_action_msg_s.ep.rosidl_typesupport_introspection_c.c.o[0m
[2.199s] [ 90%] [32mBuilding C object CMakeFiles/action_msg__rosidl_typesupport_c__pyext.dir/rosidl_generator_py/action_msg/_action_msg_s.ep.rosidl_typesupport_c.c.o[0m
[2.258s] [ 93%] [32m[1mLinking C shared library rosidl_generator_py/action_msg/action_msg_s__rosidl_typesupport_fastrtps_c.cpython-310-x86_64-linux-gnu.so[0m
[2.263s] [ 96%] [32m[1mLinking C shared library rosidl_generator_py/action_msg/action_msg_s__rosidl_typesupport_introspection_c.cpython-310-x86_64-linux-gnu.so[0m
[2.263s] [100%] [32m[1mLinking C shared library rosidl_generator_py/action_msg/action_msg_s__rosidl_typesupport_c.cpython-310-x86_64-linux-gnu.so[0m
[2.284s] [100%] Built target action_msg__rosidl_typesupport_fastrtps_c__pyext
[2.286s] [100%] Built target action_msg__rosidl_typesupport_c__pyext
[2.288s] [100%] Built target action_msg__rosidl_typesupport_introspection_c__pyext
[2.300s] Invoked command in '/home/legenraw/auv tasks/action_task/build/action_msg' returned '0': CMAKE_PREFIX_PATH=/opt/ros/humble /usr/bin/cmake --build /home/legenraw/auv tasks/action_task/build/action_msg -- -j24 -l24
[2.312s] Invoking command in '/home/legenraw/auv tasks/action_task/build/action_msg': CMAKE_PREFIX_PATH=/opt/ros/humble /usr/bin/cmake --install /home/legenraw/auv tasks/action_task/build/action_msg
[2.320s] -- Install configuration: ""
[2.320s] -- Installing: /home/legenraw/auv tasks/action_task/install/action_msg/share/ament_index/resource_index/rosidl_interfaces/action_msg
[2.320s] -- Installing: /home/legenraw/auv tasks/action_task/install/action_msg/include/action_msg/action_msg
[2.321s] -- Installing: /home/legenraw/auv tasks/action_task/install/action_msg/include/action_msg/action_msg/msg
[2.321s] -- Installing: /home/legenraw/auv tasks/action_task/install/action_msg/include/action_msg/action_msg/msg/rosidl_generator_c__visibility_control.h
[2.321s] -- Installing: /home/legenraw/auv tasks/action_task/install/action_msg/include/action_msg/action_msg/action
[2.321s] -- Installing: /home/legenraw/auv tasks/action_task/install/action_msg/include/action_msg/action_msg/action/detail
[2.321s] -- Installing: /home/legenraw/auv tasks/action_task/install/action_msg/include/action_msg/action_msg/action/detail/action_info__type_support.h
[2.321s] -- Installing: /home/legenraw/auv tasks/action_task/install/action_msg/include/action_msg/action_msg/action/detail/action_info__functions.h
[2.321s] -- Installing: /home/legenraw/auv tasks/action_task/install/action_msg/include/action_msg/action_msg/action/detail/action_info__functions.c
[2.321s] -- Installing: /home/legenraw/auv tasks/action_task/install/action_msg/include/action_msg/action_msg/action/detail/action_info__struct.h
[2.321s] -- Installing: /home/legenraw/auv tasks/action_task/install/action_msg/include/action_msg/action_msg/action/action_info.h
[2.321s] -- Installing: /home/legenraw/auv tasks/action_task/install/action_msg/share/action_msg/environment/library_path.sh
[2.321s] -- Installing: /home/legenraw/auv tasks/action_task/install/action_msg/share/action_msg/environment/library_path.dsv
[2.321s] -- Installing: /home/legenraw/auv tasks/action_task/install/action_msg/lib/libaction_msg__rosidl_generator_c.so
[2.321s] -- Set runtime path of "/home/legenraw/auv tasks/action_task/install/action_msg/lib/libaction_msg__rosidl_generator_c.so" to ""
[2.322s] -- Up-to-date: /home/legenraw/auv tasks/action_task/install/action_msg/include/action_msg/action_msg
[2.322s] -- Up-to-date: /home/legenraw/auv tasks/action_task/install/action_msg/include/action_msg/action_msg/msg
[2.322s] -- Installing: /home/legenraw/auv tasks/action_task/install/action_msg/include/action_msg/action_msg/msg/rosidl_typesupport_fastrtps_c__visibility_control.h
[2.322s] -- Up-to-date: /home/legenraw/auv tasks/action_task/install/action_msg/include/action_msg/action_msg/action
[2.322s] -- Up-to-date: /home/legenraw/auv tasks/action_task/install/action_msg/include/action_msg/action_msg/action/detail
[2.322s] -- Installing: /home/legenraw/auv tasks/action_task/install/action_msg/include/action_msg/action_msg/action/detail/action_info__rosidl_typesupport_fastrtps_c.h
[2.322s] -- Installing: /home/legenraw/auv tasks/action_task/install/action_msg/lib/libaction_msg__rosidl_typesupport_fastrtps_c.so
[2.322s] -- Set runtime path of "/home/legenraw/auv tasks/action_task/install/action_msg/lib/libaction_msg__rosidl_typesupport_fastrtps_c.so" to ""
[2.322s] -- Up-to-date: /home/legenraw/auv tasks/action_task/install/action_msg/include/action_msg/action_msg
[2.322s] -- Up-to-date: /home/legenraw/auv tasks/action_task/install/action_msg/include/action_msg/action_msg/msg
[2.322s] -- Installing: /home/legenraw/auv tasks/action_task/install/action_msg/include/action_msg/action_msg/msg/rosidl_typesupport_introspection_c__visibility_control.h
[2.322s] -- Up-to-date: /home/legenraw/auv tasks/action_task/install/action_msg/include/action_msg/action_msg/action
[2.322s] -- Up-to-date: /home/legenraw/auv tasks/action_task/install/action_msg/include/action_msg/action_msg/action/detail
[2.322s] -- Installing: /home/legenraw/auv tasks/action_task/install/action_msg/include/action_msg/action_msg/action/detail/action_info__rosidl_typesupport_introspection_c.h
[2.323s] -- Installing: /home/legenraw/auv tasks/action_task/install/action_msg/include/action_msg/action_msg/action/detail/action_info__type_support.c
[2.323s] -- Installing: /home/legenraw/auv tasks/action_task/install/action_msg/lib/libaction_msg__rosidl_typesupport_introspection_c.so
[2.323s] -- Set runtime path of "/home/legenraw/auv tasks/action_task/install/action_msg/lib/libaction_msg__rosidl_typesupport_introspection_c.so" to ""
[2.323s] -- Installing: /home/legenraw/auv tasks/action_task/install/action_msg/lib/libaction_msg__rosidl_typesupport_c.so
[2.323s] -- Set runtime path of "/home/legenraw/auv tasks/action_task/install/action_msg/lib/libaction_msg__rosidl_typesupport_c.so" to ""
[2.323s] -- Up-to-date: /home/legenraw/auv tasks/action_task/install/action_msg/include/action_msg/action_msg
[2.323s] -- Up-to-date: /home/legenraw/auv tasks/action_task/install/action_msg/include/action_msg/action_msg/msg
[2.323s] -- Installing: /home/legenraw/auv tasks/action_task/install/action_msg/include/action_msg/action_msg/msg/rosidl_generator_cpp__visibility_control.hpp
[2.323s] -- Up-to-date: /home/legenraw/auv tasks/action_task/install/action_msg/include/action_msg/action_msg/action
[2.323s] -- Up-to-date: /home/legenraw/auv tasks/action_task/install/action_msg/include/action_msg/action_msg/action/detail
[2.323s] -- Installing: /home/legenraw/auv tasks/action_task/install/action_msg/include/action_msg/action_msg/action/detail/action_info__traits.hpp
[2.323s] -- Installing: /home/legenraw/auv tasks/action_task/install/action_msg/include/action_msg/action_msg/action/detail/action_info__struct.hpp
[2.324s] -- Installing: /home/legenraw/auv tasks/action_task/install/action_msg/include/action_msg/action_msg/action/detail/action_info__type_support.hpp
[2.324s] -- Installing: /home/legenraw/auv tasks/action_task/install/action_msg/include/action_msg/action_msg/action/detail/action_info__builder.hpp
[2.324s] -- Installing: /home/legenraw/auv tasks/action_task/install/action_msg/include/action_msg/action_msg/action/action_info.hpp
[2.324s] -- Up-to-date: /home/legenraw/auv tasks/action_task/install/action_msg/include/action_msg/action_msg
[2.324s] -- Up-to-date: /home/legenraw/auv tasks/action_task/install/action_msg/include/action_msg/action_msg/msg
[2.324s] -- Installing: /home/legenraw/auv tasks/action_task/install/action_msg/include/action_msg/action_msg/msg/rosidl_typesupport_fastrtps_cpp__visibility_control.h
[2.324s] -- Up-to-date: /home/legenraw/auv tasks/action_task/install/action_msg/include/action_msg/action_msg/action
[2.324s] -- Up-to-date: /home/legenraw/auv tasks/action_task/install/action_msg/include/action_msg/action_msg/action/detail
[2.324s] -- Installing: /home/legenraw/auv tasks/action_task/install/action_msg/include/action_msg/action_msg/action/detail/action_info__rosidl_typesupport_fastrtps_cpp.hpp
[2.324s] -- Installing: /home/legenraw/auv tasks/action_task/install/action_msg/include/action_msg/action_msg/action/detail/dds_fastrtps
[2.324s] -- Installing: /home/legenraw/auv tasks/action_task/install/action_msg/lib/libaction_msg__rosidl_typesupport_fastrtps_cpp.so
[2.324s] -- Set runtime path of "/home/legenraw/auv tasks/action_task/install/action_msg/lib/libaction_msg__rosidl_typesupport_fastrtps_cpp.so" to ""
[2.324s] -- Up-to-date: /home/legenraw/auv tasks/action_task/install/action_msg/include/action_msg/action_msg
[2.324s] -- Up-to-date: /home/legenraw/auv tasks/action_task/install/action_msg/include/action_msg/action_msg/action
[2.325s] -- Up-to-date: /home/legenraw/auv tasks/action_task/install/action_msg/include/action_msg/action_msg/action/detail
[2.325s] -- Installing: /home/legenraw/auv tasks/action_task/install/action_msg/include/action_msg/action_msg/action/detail/action_info__rosidl_typesupport_introspection_cpp.hpp
[2.325s] -- Installing: /home/legenraw/auv tasks/action_task/install/action_msg/include/action_msg/action_msg/action/detail/action_info__type_support.cpp
[2.325s] -- Installing: /home/legenraw/auv tasks/action_task/install/action_msg/lib/libaction_msg__rosidl_typesupport_introspection_cpp.so
[2.325s] -- Set runtime path of "/home/legenraw/auv tasks/action_task/install/action_msg/lib/libaction_msg__rosidl_typesupport_introspection_cpp.so" to ""
[2.325s] -- Installing: /home/legenraw/auv tasks/action_task/install/action_msg/lib/libaction_msg__rosidl_typesupport_cpp.so
[2.325s] -- Set runtime path of "/home/legenraw/auv tasks/action_task/install/action_msg/lib/libaction_msg__rosidl_typesupport_cpp.so" to ""
[2.325s] -- Installing: /home/legenraw/auv tasks/action_task/install/action_msg/share/action_msg/environment/pythonpath.sh
[2.325s] -- Installing: /home/legenraw/auv tasks/action_task/install/action_msg/share/action_msg/environment/pythonpath.dsv
[2.325s] -- Installing: /home/legenraw/auv tasks/action_task/install/action_msg/local/lib/python3.10/dist-packages/action_msg-0.0.0-py3.10.egg-info
[2.325s] -- Installing: /home/legenraw/auv tasks/action_task/install/action_msg/local/lib/python3.10/dist-packages/action_msg-0.0.0-py3.10.egg-info/top_level.txt
[2.325s] -- Installing: /home/legenraw/auv tasks/action_task/install/action_msg/local/lib/python3.10/dist-packages/action_msg-0.0.0-py3.10.egg-info/dependency_links.txt
[2.325s] -- Installing: /home/legenraw/auv tasks/action_task/install/action_msg/local/lib/python3.10/dist-packages/action_msg-0.0.0-py3.10.egg-info/SOURCES.txt
[2.326s] -- Installing: /home/legenraw/auv tasks/action_task/install/action_msg/local/lib/python3.10/dist-packages/action_msg-0.0.0-py3.10.egg-info/PKG-INFO
[2.326s] -- Installing: /home/legenraw/auv tasks/action_task/install/action_msg/local/lib/python3.10/dist-packages/action_msg
[2.326s] -- Installing: /home/legenraw/auv tasks/action_task/install/action_msg/local/lib/python3.10/dist-packages/action_msg/__init__.py
[2.326s] -- Installing: /home/legenraw/auv tasks/action_task/install/action_msg/local/lib/python3.10/dist-packages/action_msg/action_msg_s__rosidl_typesupport_fastrtps_c.cpython-310-x86_64-linux-gnu.so
[2.326s] -- Installing: /home/legenraw/auv tasks/action_task/install/action_msg/local/lib/python3.10/dist-packages/action_msg/_action_msg_s.ep.rosidl_typesupport_fastrtps_c.c
[2.326s] -- Installing: /home/legenraw/auv tasks/action_task/install/action_msg/local/lib/python3.10/dist-packages/action_msg/action
[2.326s] -- Installing: /home/legenraw/auv tasks/action_task/install/action_msg/local/lib/python3.10/dist-packages/action_msg/action/__init__.py
[2.326s] -- Installing: /home/legenraw/auv tasks/action_task/install/action_msg/local/lib/python3.10/dist-packages/action_msg/action/_action_info_s.c
[2.326s] -- Installing: /home/legenraw/auv tasks/action_task/install/action_msg/local/lib/python3.10/dist-packages/action_msg/action/_action_info.py
[2.326s] -- Installing: /home/legenraw/auv tasks/action_task/install/action_msg/local/lib/python3.10/dist-packages/action_msg/action_msg_s__rosidl_typesupport_c.cpython-310-x86_64-linux-gnu.so
[2.326s] -- Installing: /home/legenraw/auv tasks/action_task/install/action_msg/local/lib/python3.10/dist-packages/action_msg/_action_msg_s.ep.rosidl_typesupport_introspection_c.c
[2.326s] -- Installing: /home/legenraw/auv tasks/action_task/install/action_msg/local/lib/python3.10/dist-packages/action_msg/_action_msg_s.ep.rosidl_typesupport_c.c
[2.326s] -- Installing: /home/legenraw/auv tasks/action_task/install/action_msg/local/lib/python3.10/dist-packages/action_msg/libaction_msg__rosidl_generator_py.so
[2.327s] -- Installing: /home/legenraw/auv tasks/action_task/install/action_msg/local/lib/python3.10/dist-packages/action_msg/action_msg_s__rosidl_typesupport_introspection_c.cpython-310-x86_64-linux-gnu.so
[2.349s] Listing '/home/legenraw/auv tasks/action_task/install/action_msg/local/lib/python3.10/dist-packages/action_msg'...
[2.349s] Compiling '/home/legenraw/auv tasks/action_task/install/action_msg/local/lib/python3.10/dist-packages/action_msg/__init__.py'...
[2.349s] Listing '/home/legenraw/auv tasks/action_task/install/action_msg/local/lib/python3.10/dist-packages/action_msg/action'...
[2.349s] Compiling '/home/legenraw/auv tasks/action_task/install/action_msg/local/lib/python3.10/dist-packages/action_msg/action/__init__.py'...
[2.349s] Compiling '/home/legenraw/auv tasks/action_task/install/action_msg/local/lib/python3.10/dist-packages/action_msg/action/_action_info.py'...
[2.351s] -- Installing: /home/legenraw/auv tasks/action_task/install/action_msg/local/lib/python3.10/dist-packages/action_msg/action_msg_s__rosidl_typesupport_fastrtps_c.cpython-310-x86_64-linux-gnu.so
[2.351s] -- Set runtime path of "/home/legenraw/auv tasks/action_task/install/action_msg/local/lib/python3.10/dist-packages/action_msg/action_msg_s__rosidl_typesupport_fastrtps_c.cpython-310-x86_64-linux-gnu.so" to ""
[2.351s] -- Installing: /home/legenraw/auv tasks/action_task/install/action_msg/local/lib/python3.10/dist-packages/action_msg/action_msg_s__rosidl_typesupport_introspection_c.cpython-310-x86_64-linux-gnu.so
[2.351s] -- Set runtime path of "/home/legenraw/auv tasks/action_task/install/action_msg/local/lib/python3.10/dist-packages/action_msg/action_msg_s__rosidl_typesupport_introspection_c.cpython-310-x86_64-linux-gnu.so" to ""
[2.351s] -- Installing: /home/legenraw/auv tasks/action_task/install/action_msg/local/lib/python3.10/dist-packages/action_msg/action_msg_s__rosidl_typesupport_c.cpython-310-x86_64-linux-gnu.so
[2.351s] -- Set runtime path of "/home/legenraw/auv tasks/action_task/install/action_msg/local/lib/python3.10/dist-packages/action_msg/action_msg_s__rosidl_typesupport_c.cpython-310-x86_64-linux-gnu.so" to ""
[2.351s] -- Installing: /home/legenraw/auv tasks/action_task/install/action_msg/lib/libaction_msg__rosidl_generator_py.so
[2.351s] -- Set runtime path of "/home/legenraw/auv tasks/action_task/install/action_msg/lib/libaction_msg__rosidl_generator_py.so" to ""
[2.352s] -- Installing: /home/legenraw/auv tasks/action_task/install/action_msg/share/action_msg/action/ActionInfo.idl
[2.352s] -- Installing: /home/legenraw/auv tasks/action_task/install/action_msg/share/action_msg/action/ActionInfo.action
[2.352s] -- Installing: /home/legenraw/auv tasks/action_task/install/action_msg/share/ament_index/resource_index/package_run_dependencies/action_msg
[2.352s] -- Installing: /home/legenraw/auv tasks/action_task/install/action_msg/share/ament_index/resource_index/parent_prefix_path/action_msg
[2.352s] -- Installing: /home/legenraw/auv tasks/action_task/install/action_msg/share/action_msg/environment/ament_prefix_path.sh
[2.352s] -- Installing: /home/legenraw/auv tasks/action_task/install/action_msg/share/action_msg/environment/ament_prefix_path.dsv
[2.352s] -- Installing: /home/legenraw/auv tasks/action_task/install/action_msg/share/action_msg/environment/path.sh
[2.352s] -- Installing: /home/legenraw/auv tasks/action_task/install/action_msg/share/action_msg/environment/path.dsv
[2.352s] -- Installing: /home/legenraw/auv tasks/action_task/install/action_msg/share/action_msg/local_setup.bash
[2.352s] -- Installing: /home/legenraw/auv tasks/action_task/install/action_msg/share/action_msg/local_setup.sh
[2.352s] -- Installing: /home/legenraw/auv tasks/action_task/install/action_msg/share/action_msg/local_setup.zsh
[2.352s] -- Installing: /home/legenraw/auv tasks/action_task/install/action_msg/share/action_msg/local_setup.dsv
[2.352s] -- Installing: /home/legenraw/auv tasks/action_task/install/action_msg/share/action_msg/package.dsv
[2.352s] -- Installing: /home/legenraw/auv tasks/action_task/install/action_msg/share/ament_index/resource_index/packages/action_msg
[2.352s] -- Installing: /home/legenraw/auv tasks/action_task/install/action_msg/share/action_msg/cmake/export_action_msg__rosidl_generator_cExport.cmake
[2.352s] -- Installing: /home/legenraw/auv tasks/action_task/install/action_msg/share/action_msg/cmake/export_action_msg__rosidl_generator_cExport-noconfig.cmake
[2.352s] -- Installing: /home/legenraw/auv tasks/action_task/install/action_msg/share/action_msg/cmake/export_action_msg__rosidl_typesupport_fastrtps_cExport.cmake
[2.353s] -- Installing: /home/legenraw/auv tasks/action_task/install/action_msg/share/action_msg/cmake/export_action_msg__rosidl_typesupport_fastrtps_cExport-noconfig.cmake
[2.353s] -- Installing: /home/legenraw/auv tasks/action_task/install/action_msg/share/action_msg/cmake/action_msg__rosidl_typesupport_introspection_cExport.cmake
[2.353s] -- Installing: /home/legenraw/auv tasks/action_task/install/action_msg/share/action_msg/cmake/action_msg__rosidl_typesupport_introspection_cExport-noconfig.cmake
[2.353s] -- Installing: /home/legenraw/auv tasks/action_task/install/action_msg/share/action_msg/cmake/action_msg__rosidl_typesupport_cExport.cmake
[2.353s] -- Installing: /home/legenraw/auv tasks/action_task/install/action_msg/share/action_msg/cmake/action_msg__rosidl_typesupport_cExport-noconfig.cmake
[2.353s] -- Installing: /home/legenraw/auv tasks/action_task/install/action_msg/share/action_msg/cmake/export_action_msg__rosidl_generator_cppExport.cmake
[2.353s] -- Installing: /home/legenraw/auv tasks/action_task/install/action_msg/share/action_msg/cmake/export_action_msg__rosidl_typesupport_fastrtps_cppExport.cmake
[2.353s] -- Installing: /home/legenraw/auv tasks/action_task/install/action_msg/share/action_msg/cmake/export_action_msg__rosidl_typesupport_fastrtps_cppExport-noconfig.cmake
[2.353s] -- Installing: /home/legenraw/auv tasks/action_task/install/action_msg/share/action_msg/cmake/action_msg__rosidl_typesupport_introspection_cppExport.cmake
[2.353s] -- Installing: /home/legenraw/auv tasks/action_task/install/action_msg/share/action_msg/cmake/action_msg__rosidl_typesupport_introspection_cppExport-noconfig.cmake
[2.353s] -- Installing: /home/legenraw/auv tasks/action_task/install/action_msg/share/action_msg/cmake/action_msg__rosidl_typesupport_cppExport.cmake
[2.353s] -- Installing: /home/legenraw/auv tasks/action_task/install/action_msg/share/action_msg/cmake/action_msg__rosidl_typesupport_cppExport-noconfig.cmake
[2.353s] -- Installing: /home/legenraw/auv tasks/action_task/install/action_msg/share/action_msg/cmake/export_action_msg__rosidl_generator_pyExport.cmake
[2.353s] -- Installing: /home/legenraw/auv tasks/action_task/install/action_msg/share/action_msg/cmake/export_action_msg__rosidl_generator_pyExport-noconfig.cmake
[2.353s] -- Installing: /home/legenraw/auv tasks/action_task/install/action_msg/share/action_msg/cmake/rosidl_cmake-extras.cmake
[2.353s] -- Installing: /home/legenraw/auv tasks/action_task/install/action_msg/share/action_msg/cmake/ament_cmake_export_dependencies-extras.cmake
[2.354s] -- Installing: /home/legenraw/auv tasks/action_task/install/action_msg/share/action_msg/cmake/ament_cmake_export_include_directories-extras.cmake
[2.354s] -- Installing: /home/legenraw/auv tasks/action_task/install/action_msg/share/action_msg/cmake/ament_cmake_export_libraries-extras.cmake
[2.354s] -- Installing: /home/legenraw/auv tasks/action_task/install/action_msg/share/action_msg/cmake/ament_cmake_export_targets-extras.cmake
[2.354s] -- Installing: /home/legenraw/auv tasks/action_task/install/action_msg/share/action_msg/cmake/rosidl_cmake_export_typesupport_targets-extras.cmake
[2.354s] -- Installing: /home/legenraw/auv tasks/action_task/install/action_msg/share/action_msg/cmake/rosidl_cmake_export_typesupport_libraries-extras.cmake
[2.354s] -- Installing: /home/legenraw/auv tasks/action_task/install/action_msg/share/action_msg/cmake/action_msgConfig.cmake
[2.354s] -- Installing: /home/legenraw/auv tasks/action_task/install/action_msg/share/action_msg/cmake/action_msgConfig-version.cmake
[2.354s] -- Installing: /home/legenraw/auv tasks/action_task/install/action_msg/share/action_msg/package.xml
[2.355s] Invoked command in '/home/legenraw/auv tasks/action_task/build/action_msg' returned '0': CMAKE_PREFIX_PATH=/opt/ros/humble /usr/bin/cmake --install /home/legenraw/auv tasks/action_task/build/action_msg
