[0.111s] Invoking command in '/home/legenraw/auv tasks/action_task/build/action_msg': /usr/bin/cmake /home/legenraw/auv tasks/action_task/src/action_msg -DCMAKE_INSTALL_PREFIX=/home/legenraw/auv tasks/action_task/install/action_msg
[0.196s] -- The C compiler identification is GNU 11.4.0
[0.246s] -- The CXX compiler identification is GNU 11.4.0
[0.252s] -- Detecting C compiler ABI info
[0.302s] -- Detecting C compiler ABI info - done
[0.307s] -- Check for working C compiler: /usr/bin/cc - skipped
[0.307s] -- Detecting C compile features
[0.308s] -- Detecting C compile features - done
[0.309s] -- Detecting CXX compiler ABI info
[0.360s] -- Detecting CXX compiler ABI info - done
[0.366s] -- Check for working CXX compiler: /usr/bin/c++ - skipped
[0.366s] -- Detecting CXX compile features
[0.367s] -- Detecting CXX compile features - done
[0.374s] -- Configuring incomplete, errors occurred!
[0.374s] See also "/home/legenraw/auv tasks/action_task/build/action_msg/CMakeFiles/CMakeOutput.log".
[0.374s] [31mCMake Error at CMakeLists.txt:9 (find_package):
[0.374s]   By not providing "Findament_cmake.cmake" in CMAKE_MODULE_PATH this project
[0.374s]   has asked CMake to find a package configuration file provided by
[0.374s]   "ament_cmake", but CMake did not find one.
[0.374s] 
[0.374s]   Could not find a package configuration file provided by "ament_cmake" with
[0.374s]   any of the following names:
[0.374s] 
[0.375s]     ament_cmakeConfig.cmake
[0.375s]     ament_cmake-config.cmake
[0.375s] 
[0.375s]   Add the installation prefix of "ament_cmake" to CMAKE_PREFIX_PATH or set
[0.375s]   "ament_cmake_DIR" to a directory containing one of the above files.  If
[0.375s]   "ament_cmake" provides a separate development package or SDK, be sure it
[0.375s]   has been installed.
[0.375s] 
[0.375s] [0m
[0.377s] Invoked command in '/home/legenraw/auv tasks/action_task/build/action_msg' returned '1': /usr/bin/cmake /home/legenraw/auv tasks/action_task/src/action_msg -DCMAKE_INSTALL_PREFIX=/home/legenraw/auv tasks/action_task/install/action_msg
