[0.053s] DEBUG:colcon:Command line arguments: ['/usr/bin/colcon', 'build']
[0.053s] DEBUG:colcon:Parsed command line arguments: Namespace(log_base=None, log_level=None, verb_name='build', build_base='build', install_base='install', merge_install=False, symlink_install=False, test_result_base=None, continue_on_error=False, executor='parallel', parallel_workers=24, event_handlers=None, ignore_user_meta=False, metas=['./colcon.meta'], base_paths=['.'], packages_ignore=None, packages_ignore_regex=None, paths=None, packages_up_to=None, packages_up_to_regex=None, packages_above=None, packages_above_and_dependencies=None, packages_above_depth=None, packages_select_by_dep=None, packages_skip_by_dep=None, packages_skip_up_to=None, packages_select_build_failed=False, packages_skip_build_finished=False, packages_select_test_failures=False, packages_skip_test_passed=False, packages_select=None, packages_skip=None, packages_select_regex=None, packages_skip_regex=None, packages_start=None, packages_end=None, allow_overriding=[], cmake_args=None, cmake_target=None, cmake_target_skip_unavailable=False, cmake_clean_cache=False, cmake_clean_first=False, cmake_force_configure=False, ament_cmake_args=None, catkin_cmake_args=None, catkin_skip_building_tests=False, mixin_files=None, mixin=None, verb_parser=<colcon_mixin.mixin.mixin_argument.MixinArgumentDecorator object at 0x7bc21196a6e0>, verb_extension=<colcon_core.verb.build.BuildVerb object at 0x7bc211969d50>, main=<bound method BuildVerb.main of <colcon_core.verb.build.BuildVerb object at 0x7bc211969d50>>, mixin_verb=('build',))
[0.121s] Level 1:colcon.colcon_core.package_discovery:discover_packages(colcon_meta) check parameters
[0.122s] Level 1:colcon.colcon_core.package_discovery:discover_packages(recursive) check parameters
[0.122s] Level 1:colcon.colcon_core.package_discovery:discover_packages(ignore) check parameters
[0.122s] Level 1:colcon.colcon_core.package_discovery:discover_packages(path) check parameters
[0.122s] Level 1:colcon.colcon_core.package_discovery:discover_packages(colcon_meta) discover
[0.122s] Level 1:colcon.colcon_core.package_discovery:discover_packages(recursive) discover
[0.122s] INFO:colcon.colcon_core.package_discovery:Crawling recursively for packages in '/home/legenraw/auv tasks/action_task'
[0.122s] Level 1:colcon.colcon_core.package_identification:_identify(.) by extensions ['ignore', 'ignore_ament_install']
[0.122s] Level 1:colcon.colcon_core.package_identification:_identify(.) by extension 'ignore'
[0.122s] Level 1:colcon.colcon_core.package_identification:_identify(.) by extension 'ignore_ament_install'
[0.122s] Level 1:colcon.colcon_core.package_identification:_identify(.) by extensions ['colcon_pkg']
[0.122s] Level 1:colcon.colcon_core.package_identification:_identify(.) by extension 'colcon_pkg'
[0.122s] Level 1:colcon.colcon_core.package_identification:_identify(.) by extensions ['colcon_meta']
[0.122s] Level 1:colcon.colcon_core.package_identification:_identify(.) by extension 'colcon_meta'
[0.122s] Level 1:colcon.colcon_core.package_identification:_identify(.) by extensions ['ros']
[0.122s] Level 1:colcon.colcon_core.package_identification:_identify(.) by extension 'ros'
[0.139s] Level 1:colcon.colcon_core.package_identification:_identify(.) by extensions ['cmake', 'python']
[0.139s] Level 1:colcon.colcon_core.package_identification:_identify(.) by extension 'cmake'
[0.139s] Level 1:colcon.colcon_core.package_identification:_identify(.) by extension 'python'
[0.139s] Level 1:colcon.colcon_core.package_identification:_identify(.) by extensions ['python_setup_py']
[0.139s] Level 1:colcon.colcon_core.package_identification:_identify(.) by extension 'python_setup_py'
[0.139s] Level 1:colcon.colcon_core.package_identification:_identify(build) by extensions ['ignore', 'ignore_ament_install']
[0.139s] Level 1:colcon.colcon_core.package_identification:_identify(build) by extension 'ignore'
[0.139s] Level 1:colcon.colcon_core.package_identification:_identify(build) ignored
[0.139s] Level 1:colcon.colcon_core.package_identification:_identify(install) by extensions ['ignore', 'ignore_ament_install']
[0.139s] Level 1:colcon.colcon_core.package_identification:_identify(install) by extension 'ignore'
[0.139s] Level 1:colcon.colcon_core.package_identification:_identify(install) ignored
[0.139s] Level 1:colcon.colcon_core.package_identification:_identify(log) by extensions ['ignore', 'ignore_ament_install']
[0.139s] Level 1:colcon.colcon_core.package_identification:_identify(log) by extension 'ignore'
[0.139s] Level 1:colcon.colcon_core.package_identification:_identify(log) ignored
[0.139s] Level 1:colcon.colcon_core.package_identification:_identify(src) by extensions ['ignore', 'ignore_ament_install']
[0.139s] Level 1:colcon.colcon_core.package_identification:_identify(src) by extension 'ignore'
[0.139s] Level 1:colcon.colcon_core.package_identification:_identify(src) by extension 'ignore_ament_install'
[0.139s] Level 1:colcon.colcon_core.package_identification:_identify(src) by extensions ['colcon_pkg']
[0.139s] Level 1:colcon.colcon_core.package_identification:_identify(src) by extension 'colcon_pkg'
[0.139s] Level 1:colcon.colcon_core.package_identification:_identify(src) by extensions ['colcon_meta']
[0.139s] Level 1:colcon.colcon_core.package_identification:_identify(src) by extension 'colcon_meta'
[0.139s] Level 1:colcon.colcon_core.package_identification:_identify(src) by extensions ['ros']
[0.139s] Level 1:colcon.colcon_core.package_identification:_identify(src) by extension 'ros'
[0.139s] Level 1:colcon.colcon_core.package_identification:_identify(src) by extensions ['cmake', 'python']
[0.139s] Level 1:colcon.colcon_core.package_identification:_identify(src) by extension 'cmake'
[0.139s] Level 1:colcon.colcon_core.package_identification:_identify(src) by extension 'python'
[0.139s] Level 1:colcon.colcon_core.package_identification:_identify(src) by extensions ['python_setup_py']
[0.139s] Level 1:colcon.colcon_core.package_identification:_identify(src) by extension 'python_setup_py'
[0.139s] Level 1:colcon.colcon_core.package_identification:_identify(src/action_code) by extensions ['ignore', 'ignore_ament_install']
[0.139s] Level 1:colcon.colcon_core.package_identification:_identify(src/action_code) by extension 'ignore'
[0.139s] Level 1:colcon.colcon_core.package_identification:_identify(src/action_code) by extension 'ignore_ament_install'
[0.139s] Level 1:colcon.colcon_core.package_identification:_identify(src/action_code) by extensions ['colcon_pkg']
[0.139s] Level 1:colcon.colcon_core.package_identification:_identify(src/action_code) by extension 'colcon_pkg'
[0.139s] Level 1:colcon.colcon_core.package_identification:_identify(src/action_code) by extensions ['colcon_meta']
[0.139s] Level 1:colcon.colcon_core.package_identification:_identify(src/action_code) by extension 'colcon_meta'
[0.139s] Level 1:colcon.colcon_core.package_identification:_identify(src/action_code) by extensions ['ros']
[0.139s] Level 1:colcon.colcon_core.package_identification:_identify(src/action_code) by extension 'ros'
[0.141s] DEBUG:colcon.colcon_core.package_identification:Package 'src/action_code' with type 'ros.ament_python' and name 'action_code'
[0.141s] Level 1:colcon.colcon_core.package_identification:_identify(src/action_msg) by extensions ['ignore', 'ignore_ament_install']
[0.141s] Level 1:colcon.colcon_core.package_identification:_identify(src/action_msg) by extension 'ignore'
[0.141s] Level 1:colcon.colcon_core.package_identification:_identify(src/action_msg) by extension 'ignore_ament_install'
[0.141s] Level 1:colcon.colcon_core.package_identification:_identify(src/action_msg) by extensions ['colcon_pkg']
[0.141s] Level 1:colcon.colcon_core.package_identification:_identify(src/action_msg) by extension 'colcon_pkg'
[0.141s] Level 1:colcon.colcon_core.package_identification:_identify(src/action_msg) by extensions ['colcon_meta']
[0.141s] Level 1:colcon.colcon_core.package_identification:_identify(src/action_msg) by extension 'colcon_meta'
[0.141s] Level 1:colcon.colcon_core.package_identification:_identify(src/action_msg) by extensions ['ros']
[0.141s] Level 1:colcon.colcon_core.package_identification:_identify(src/action_msg) by extension 'ros'
[0.141s] DEBUG:colcon.colcon_core.package_identification:Package 'src/action_msg' with type 'ros.ament_cmake' and name 'action_msg'
[0.141s] Level 1:colcon.colcon_core.package_discovery:discover_packages(recursive) using defaults
[0.141s] Level 1:colcon.colcon_core.package_discovery:discover_packages(ignore) discover
[0.141s] Level 1:colcon.colcon_core.package_discovery:discover_packages(ignore) using defaults
[0.141s] Level 1:colcon.colcon_core.package_discovery:discover_packages(path) discover
[0.141s] Level 1:colcon.colcon_core.package_discovery:discover_packages(path) using defaults
[0.150s] Level 1:colcon.colcon_core.package_discovery:discover_packages(prefix_path) check parameters
[0.150s] Level 1:colcon.colcon_core.package_discovery:discover_packages(prefix_path) discover
[0.151s] DEBUG:colcon.colcon_installed_package_information.package_discovery:Found 279 installed packages in /opt/ros/humble
[0.152s] Level 1:colcon.colcon_core.package_discovery:discover_packages(prefix_path) using defaults
[0.167s] Level 5:colcon.colcon_core.verb:set package 'action_code' build argument 'cmake_args' from command line to 'None'
[0.167s] Level 5:colcon.colcon_core.verb:set package 'action_code' build argument 'cmake_target' from command line to 'None'
[0.167s] Level 5:colcon.colcon_core.verb:set package 'action_code' build argument 'cmake_target_skip_unavailable' from command line to 'False'
[0.167s] Level 5:colcon.colcon_core.verb:set package 'action_code' build argument 'cmake_clean_cache' from command line to 'False'
[0.167s] Level 5:colcon.colcon_core.verb:set package 'action_code' build argument 'cmake_clean_first' from command line to 'False'
[0.167s] Level 5:colcon.colcon_core.verb:set package 'action_code' build argument 'cmake_force_configure' from command line to 'False'
[0.167s] Level 5:colcon.colcon_core.verb:set package 'action_code' build argument 'ament_cmake_args' from command line to 'None'
[0.167s] Level 5:colcon.colcon_core.verb:set package 'action_code' build argument 'catkin_cmake_args' from command line to 'None'
[0.167s] Level 5:colcon.colcon_core.verb:set package 'action_code' build argument 'catkin_skip_building_tests' from command line to 'False'
[0.167s] DEBUG:colcon.colcon_core.verb:Building package 'action_code' with the following arguments: {'ament_cmake_args': None, 'build_base': '/home/legenraw/auv tasks/action_task/build/action_code', 'catkin_cmake_args': None, 'catkin_skip_building_tests': False, 'cmake_args': None, 'cmake_clean_cache': False, 'cmake_clean_first': False, 'cmake_force_configure': False, 'cmake_target': None, 'cmake_target_skip_unavailable': False, 'install_base': '/home/legenraw/auv tasks/action_task/install/action_code', 'merge_install': False, 'path': '/home/legenraw/auv tasks/action_task/src/action_code', 'symlink_install': False, 'test_result_base': None}
[0.167s] Level 5:colcon.colcon_core.verb:set package 'action_msg' build argument 'cmake_args' from command line to 'None'
[0.167s] Level 5:colcon.colcon_core.verb:set package 'action_msg' build argument 'cmake_target' from command line to 'None'
[0.167s] Level 5:colcon.colcon_core.verb:set package 'action_msg' build argument 'cmake_target_skip_unavailable' from command line to 'False'
[0.167s] Level 5:colcon.colcon_core.verb:set package 'action_msg' build argument 'cmake_clean_cache' from command line to 'False'
[0.167s] Level 5:colcon.colcon_core.verb:set package 'action_msg' build argument 'cmake_clean_first' from command line to 'False'
[0.167s] Level 5:colcon.colcon_core.verb:set package 'action_msg' build argument 'cmake_force_configure' from command line to 'False'
[0.167s] Level 5:colcon.colcon_core.verb:set package 'action_msg' build argument 'ament_cmake_args' from command line to 'None'
[0.167s] Level 5:colcon.colcon_core.verb:set package 'action_msg' build argument 'catkin_cmake_args' from command line to 'None'
[0.167s] Level 5:colcon.colcon_core.verb:set package 'action_msg' build argument 'catkin_skip_building_tests' from command line to 'False'
[0.167s] DEBUG:colcon.colcon_core.verb:Building package 'action_msg' with the following arguments: {'ament_cmake_args': None, 'build_base': '/home/legenraw/auv tasks/action_task/build/action_msg', 'catkin_cmake_args': None, 'catkin_skip_building_tests': False, 'cmake_args': None, 'cmake_clean_cache': False, 'cmake_clean_first': False, 'cmake_force_configure': False, 'cmake_target': None, 'cmake_target_skip_unavailable': False, 'install_base': '/home/legenraw/auv tasks/action_task/install/action_msg', 'merge_install': False, 'path': '/home/legenraw/auv tasks/action_task/src/action_msg', 'symlink_install': False, 'test_result_base': None}
[0.167s] INFO:colcon.colcon_core.executor:Executing jobs using 'parallel' executor
[0.168s] DEBUG:colcon.colcon_parallel_executor.executor.parallel:run_until_complete
[0.168s] INFO:colcon.colcon_ros.task.ament_python.build:Building ROS package in '/home/legenraw/auv tasks/action_task/src/action_code' with build type 'ament_python'
[0.168s] Level 1:colcon.colcon_core.shell:create_environment_hook('action_code', 'ament_prefix_path')
[0.169s] INFO:colcon.colcon_core.plugin_system:Skipping extension 'colcon_core.shell.bat': Not used on non-Windows systems
[0.169s] INFO:colcon.colcon_core.shell:Creating environment hook '/home/legenraw/auv tasks/action_task/install/action_code/share/action_code/hook/ament_prefix_path.ps1'
[0.169s] INFO:colcon.colcon_core.shell:Creating environment descriptor '/home/legenraw/auv tasks/action_task/install/action_code/share/action_code/hook/ament_prefix_path.dsv'
[0.169s] INFO:colcon.colcon_core.shell:Creating environment hook '/home/legenraw/auv tasks/action_task/install/action_code/share/action_code/hook/ament_prefix_path.sh'
[0.169s] INFO:colcon.colcon_core.shell:Skip shell extension 'powershell' for command environment: Not usable outside of PowerShell
[0.170s] DEBUG:colcon.colcon_core.shell:Skip shell extension 'dsv' for command environment
[0.171s] INFO:colcon.colcon_ros.task.ament_cmake.build:Building ROS package in '/home/legenraw/auv tasks/action_task/src/action_msg' with build type 'ament_cmake'
[0.171s] INFO:colcon.colcon_cmake.task.cmake.build:Building CMake package in '/home/legenraw/auv tasks/action_task/src/action_msg'
[0.171s] INFO:colcon.colcon_core.shell:Skip shell extension 'powershell' for command environment: Not usable outside of PowerShell
[0.171s] DEBUG:colcon.colcon_core.shell:Skip shell extension 'dsv' for command environment
[0.280s] INFO:colcon.colcon_core.task.python.build:Building Python package in '/home/legenraw/auv tasks/action_task/src/action_code'
[0.280s] INFO:colcon.colcon_core.shell:Skip shell extension 'powershell' for command environment: Not usable outside of PowerShell
[0.280s] DEBUG:colcon.colcon_core.shell:Skip shell extension 'dsv' for command environment
[0.283s] DEBUG:colcon.colcon_core.event_handler.log_command:Invoking command in '/home/legenraw/auv tasks/action_task/build/action_msg': CMAKE_PREFIX_PATH=/opt/ros/humble /usr/bin/cmake /home/legenraw/auv tasks/action_task/src/action_msg -DCMAKE_INSTALL_PREFIX=/home/legenraw/auv tasks/action_task/install/action_msg
[0.436s] DEBUG:colcon.colcon_core.event_handler.log_command:Invoking command in '/home/legenraw/auv tasks/action_task/src/action_code': PYTHONPATH=/home/legenraw/auv tasks/action_task/build/action_code/prefix_override:/usr/lib/python3/dist-packages/colcon_core/task/python/colcon_distutils_commands:/home/legenraw/auv tasks/action_task/install/action_code/lib/python3.10/site-packages:${PYTHONPATH} /usr/bin/python3 -W ignore:setup.py install is deprecated -W ignore:easy_install command is deprecated setup.py egg_info --egg-base ../../build/action_code build --build-base /home/legenraw/auv tasks/action_task/build/action_code/build install --record /home/legenraw/auv tasks/action_task/build/action_code/install.log --single-version-externally-managed install_data
[0.586s] DEBUG:colcon.colcon_core.event_handler.log_command:Invoked command in '/home/legenraw/auv tasks/action_task/src/action_code' returned '0': PYTHONPATH=/home/legenraw/auv tasks/action_task/build/action_code/prefix_override:/usr/lib/python3/dist-packages/colcon_core/task/python/colcon_distutils_commands:/home/legenraw/auv tasks/action_task/install/action_code/lib/python3.10/site-packages:${PYTHONPATH} /usr/bin/python3 -W ignore:setup.py install is deprecated -W ignore:easy_install command is deprecated setup.py egg_info --egg-base ../../build/action_code build --build-base /home/legenraw/auv tasks/action_task/build/action_code/build install --record /home/legenraw/auv tasks/action_task/build/action_code/install.log --single-version-externally-managed install_data
[0.587s] Level 1:colcon.colcon_core.environment:checking '/home/legenraw/auv tasks/action_task/install/action_code' for CMake module files
[0.588s] Level 1:colcon.colcon_core.environment:checking '/home/legenraw/auv tasks/action_task/install/action_code' for CMake config files
[0.588s] Level 1:colcon.colcon_core.environment:checking '/home/legenraw/auv tasks/action_task/install/action_code/lib'
[0.588s] Level 1:colcon.colcon_core.environment:checking '/home/legenraw/auv tasks/action_task/install/action_code/bin'
[0.588s] Level 1:colcon.colcon_core.environment:checking '/home/legenraw/auv tasks/action_task/install/action_code/lib/pkgconfig/action_code.pc'
[0.588s] Level 1:colcon.colcon_core.environment:checking '/home/legenraw/auv tasks/action_task/install/action_code/lib/python3.10/site-packages'
[0.588s] Level 1:colcon.colcon_core.shell:create_environment_hook('action_code', 'pythonpath')
[0.588s] INFO:colcon.colcon_core.shell:Creating environment hook '/home/legenraw/auv tasks/action_task/install/action_code/share/action_code/hook/pythonpath.ps1'
[0.589s] INFO:colcon.colcon_core.shell:Creating environment descriptor '/home/legenraw/auv tasks/action_task/install/action_code/share/action_code/hook/pythonpath.dsv'
[0.589s] INFO:colcon.colcon_core.shell:Creating environment hook '/home/legenraw/auv tasks/action_task/install/action_code/share/action_code/hook/pythonpath.sh'
[0.589s] Level 1:colcon.colcon_core.environment:checking '/home/legenraw/auv tasks/action_task/install/action_code/bin'
[0.589s] Level 1:colcon.colcon_core.environment:create_environment_scripts_only(action_code)
[0.589s] INFO:colcon.colcon_core.shell:Creating package script '/home/legenraw/auv tasks/action_task/install/action_code/share/action_code/package.ps1'
[0.590s] INFO:colcon.colcon_core.shell:Creating package descriptor '/home/legenraw/auv tasks/action_task/install/action_code/share/action_code/package.dsv'
[0.590s] INFO:colcon.colcon_core.shell:Creating package script '/home/legenraw/auv tasks/action_task/install/action_code/share/action_code/package.sh'
[0.590s] INFO:colcon.colcon_core.shell:Creating package script '/home/legenraw/auv tasks/action_task/install/action_code/share/action_code/package.bash'
[0.591s] INFO:colcon.colcon_core.shell:Creating package script '/home/legenraw/auv tasks/action_task/install/action_code/share/action_code/package.zsh'
[0.591s] Level 1:colcon.colcon_core.environment:create_file_with_runtime_dependencies(/home/legenraw/auv tasks/action_task/install/action_code/share/colcon-core/packages/action_code)
[1.029s] DEBUG:colcon.colcon_core.event_handler.log_command:Invoked command in '/home/legenraw/auv tasks/action_task/build/action_msg' returned '0': CMAKE_PREFIX_PATH=/opt/ros/humble /usr/bin/cmake /home/legenraw/auv tasks/action_task/src/action_msg -DCMAKE_INSTALL_PREFIX=/home/legenraw/auv tasks/action_task/install/action_msg
[1.031s] DEBUG:colcon.colcon_core.event_handler.log_command:Invoking command in '/home/legenraw/auv tasks/action_task/build/action_msg': CMAKE_PREFIX_PATH=/opt/ros/humble /usr/bin/cmake --build /home/legenraw/auv tasks/action_task/build/action_msg -- -j24 -l24
[2.471s] DEBUG:colcon.colcon_core.event_handler.log_command:Invoked command in '/home/legenraw/auv tasks/action_task/build/action_msg' returned '0': CMAKE_PREFIX_PATH=/opt/ros/humble /usr/bin/cmake --build /home/legenraw/auv tasks/action_task/build/action_msg -- -j24 -l24
[2.483s] DEBUG:colcon.colcon_core.event_handler.log_command:Invoking command in '/home/legenraw/auv tasks/action_task/build/action_msg': CMAKE_PREFIX_PATH=/opt/ros/humble /usr/bin/cmake --install /home/legenraw/auv tasks/action_task/build/action_msg
[2.526s] Level 1:colcon.colcon_core.environment:create_environment_scripts_only(action_msg)
[2.526s] Level 1:colcon.colcon_core.environment:checking '/home/legenraw/auv tasks/action_task/install/action_msg' for CMake module files
[2.526s] DEBUG:colcon.colcon_core.event_handler.log_command:Invoked command in '/home/legenraw/auv tasks/action_task/build/action_msg' returned '0': CMAKE_PREFIX_PATH=/opt/ros/humble /usr/bin/cmake --install /home/legenraw/auv tasks/action_task/build/action_msg
[2.527s] Level 1:colcon.colcon_core.environment:checking '/home/legenraw/auv tasks/action_task/install/action_msg' for CMake config files
[2.527s] Level 1:colcon.colcon_core.shell:create_environment_hook('action_msg', 'cmake_prefix_path')
[2.527s] INFO:colcon.colcon_core.shell:Creating environment hook '/home/legenraw/auv tasks/action_task/install/action_msg/share/action_msg/hook/cmake_prefix_path.ps1'
[2.527s] INFO:colcon.colcon_core.shell:Creating environment descriptor '/home/legenraw/auv tasks/action_task/install/action_msg/share/action_msg/hook/cmake_prefix_path.dsv'
[2.527s] INFO:colcon.colcon_core.shell:Creating environment hook '/home/legenraw/auv tasks/action_task/install/action_msg/share/action_msg/hook/cmake_prefix_path.sh'
[2.528s] Level 1:colcon.colcon_core.environment:checking '/home/legenraw/auv tasks/action_task/install/action_msg/lib'
[2.528s] Level 1:colcon.colcon_core.shell:create_environment_hook('action_msg', 'ld_library_path_lib')
[2.528s] INFO:colcon.colcon_core.shell:Creating environment hook '/home/legenraw/auv tasks/action_task/install/action_msg/share/action_msg/hook/ld_library_path_lib.ps1'
[2.528s] INFO:colcon.colcon_core.shell:Creating environment descriptor '/home/legenraw/auv tasks/action_task/install/action_msg/share/action_msg/hook/ld_library_path_lib.dsv'
[2.528s] INFO:colcon.colcon_core.shell:Creating environment hook '/home/legenraw/auv tasks/action_task/install/action_msg/share/action_msg/hook/ld_library_path_lib.sh'
[2.528s] Level 1:colcon.colcon_core.environment:checking '/home/legenraw/auv tasks/action_task/install/action_msg/bin'
[2.528s] Level 1:colcon.colcon_core.environment:checking '/home/legenraw/auv tasks/action_task/install/action_msg/lib/pkgconfig/action_msg.pc'
[2.528s] Level 1:colcon.colcon_core.environment:checking '/home/legenraw/auv tasks/action_task/install/action_msg/lib/python3.10/site-packages'
[2.528s] Level 1:colcon.colcon_core.environment:checking '/home/legenraw/auv tasks/action_task/install/action_msg/bin'
[2.528s] INFO:colcon.colcon_core.shell:Creating package script '/home/legenraw/auv tasks/action_task/install/action_msg/share/action_msg/package.ps1'
[2.529s] INFO:colcon.colcon_core.shell:Creating package descriptor '/home/legenraw/auv tasks/action_task/install/action_msg/share/action_msg/package.dsv'
[2.529s] INFO:colcon.colcon_core.shell:Creating package script '/home/legenraw/auv tasks/action_task/install/action_msg/share/action_msg/package.sh'
[2.529s] INFO:colcon.colcon_core.shell:Creating package script '/home/legenraw/auv tasks/action_task/install/action_msg/share/action_msg/package.bash'
[2.529s] INFO:colcon.colcon_core.shell:Creating package script '/home/legenraw/auv tasks/action_task/install/action_msg/share/action_msg/package.zsh'
[2.529s] Level 1:colcon.colcon_core.environment:create_file_with_runtime_dependencies(/home/legenraw/auv tasks/action_task/install/action_msg/share/colcon-core/packages/action_msg)
[2.529s] Level 1:colcon.colcon_core.environment:create_environment_scripts_only(action_msg)
[2.530s] Level 1:colcon.colcon_core.environment:checking '/home/legenraw/auv tasks/action_task/install/action_msg' for CMake module files
[2.530s] Level 1:colcon.colcon_core.environment:checking '/home/legenraw/auv tasks/action_task/install/action_msg' for CMake config files
[2.530s] Level 1:colcon.colcon_core.shell:create_environment_hook('action_msg', 'cmake_prefix_path')
[2.530s] INFO:colcon.colcon_core.shell:Creating environment hook '/home/legenraw/auv tasks/action_task/install/action_msg/share/action_msg/hook/cmake_prefix_path.ps1'
[2.530s] INFO:colcon.colcon_core.shell:Creating environment descriptor '/home/legenraw/auv tasks/action_task/install/action_msg/share/action_msg/hook/cmake_prefix_path.dsv'
[2.530s] INFO:colcon.colcon_core.shell:Creating environment hook '/home/legenraw/auv tasks/action_task/install/action_msg/share/action_msg/hook/cmake_prefix_path.sh'
[2.531s] Level 1:colcon.colcon_core.environment:checking '/home/legenraw/auv tasks/action_task/install/action_msg/lib'
[2.531s] Level 1:colcon.colcon_core.shell:create_environment_hook('action_msg', 'ld_library_path_lib')
[2.531s] INFO:colcon.colcon_core.shell:Creating environment hook '/home/legenraw/auv tasks/action_task/install/action_msg/share/action_msg/hook/ld_library_path_lib.ps1'
[2.531s] INFO:colcon.colcon_core.shell:Creating environment descriptor '/home/legenraw/auv tasks/action_task/install/action_msg/share/action_msg/hook/ld_library_path_lib.dsv'
[2.531s] INFO:colcon.colcon_core.shell:Creating environment hook '/home/legenraw/auv tasks/action_task/install/action_msg/share/action_msg/hook/ld_library_path_lib.sh'
[2.531s] Level 1:colcon.colcon_core.environment:checking '/home/legenraw/auv tasks/action_task/install/action_msg/bin'
[2.531s] Level 1:colcon.colcon_core.environment:checking '/home/legenraw/auv tasks/action_task/install/action_msg/lib/pkgconfig/action_msg.pc'
[2.531s] Level 1:colcon.colcon_core.environment:checking '/home/legenraw/auv tasks/action_task/install/action_msg/lib/python3.10/site-packages'
[2.531s] Level 1:colcon.colcon_core.environment:checking '/home/legenraw/auv tasks/action_task/install/action_msg/bin'
[2.532s] INFO:colcon.colcon_core.shell:Creating package script '/home/legenraw/auv tasks/action_task/install/action_msg/share/action_msg/package.ps1'
[2.532s] INFO:colcon.colcon_core.shell:Creating package descriptor '/home/legenraw/auv tasks/action_task/install/action_msg/share/action_msg/package.dsv'
[2.532s] INFO:colcon.colcon_core.shell:Creating package script '/home/legenraw/auv tasks/action_task/install/action_msg/share/action_msg/package.sh'
[2.532s] INFO:colcon.colcon_core.shell:Creating package script '/home/legenraw/auv tasks/action_task/install/action_msg/share/action_msg/package.bash'
[2.532s] INFO:colcon.colcon_core.shell:Creating package script '/home/legenraw/auv tasks/action_task/install/action_msg/share/action_msg/package.zsh'
[2.532s] Level 1:colcon.colcon_core.environment:create_file_with_runtime_dependencies(/home/legenraw/auv tasks/action_task/install/action_msg/share/colcon-core/packages/action_msg)
[2.533s] DEBUG:colcon.colcon_parallel_executor.executor.parallel:closing loop
[2.533s] DEBUG:colcon.colcon_parallel_executor.executor.parallel:loop closed
[2.533s] DEBUG:colcon.colcon_parallel_executor.executor.parallel:run_until_complete finished with '0'
[2.533s] DEBUG:colcon.colcon_core.event_reactor:joining thread
[2.537s] INFO:colcon.colcon_core.plugin_system:Skipping extension 'colcon_notification.desktop_notification.terminal_notifier': Not used on non-Darwin systems
[2.537s] INFO:colcon.colcon_core.plugin_system:Skipping extension 'colcon_notification.desktop_notification.win32': Not used on non-Windows systems
[2.537s] INFO:colcon.colcon_notification.desktop_notification:Sending desktop notification using 'notify2'
[2.548s] DEBUG:colcon.colcon_core.event_reactor:joined thread
[2.548s] INFO:colcon.colcon_core.shell:Creating prefix script '/home/legenraw/auv tasks/action_task/install/local_setup.ps1'
[2.549s] INFO:colcon.colcon_core.shell:Creating prefix util module '/home/legenraw/auv tasks/action_task/install/_local_setup_util_ps1.py'
[2.550s] INFO:colcon.colcon_core.shell:Creating prefix chain script '/home/legenraw/auv tasks/action_task/install/setup.ps1'
[2.551s] INFO:colcon.colcon_core.shell:Creating prefix script '/home/legenraw/auv tasks/action_task/install/local_setup.sh'
[2.552s] INFO:colcon.colcon_core.shell:Creating prefix util module '/home/legenraw/auv tasks/action_task/install/_local_setup_util_sh.py'
[2.552s] INFO:colcon.colcon_core.shell:Creating prefix chain script '/home/legenraw/auv tasks/action_task/install/setup.sh'
[2.553s] INFO:colcon.colcon_core.shell:Creating prefix script '/home/legenraw/auv tasks/action_task/install/local_setup.bash'
[2.553s] INFO:colcon.colcon_core.shell:Creating prefix chain script '/home/legenraw/auv tasks/action_task/install/setup.bash'
[2.554s] INFO:colcon.colcon_core.shell:Creating prefix script '/home/legenraw/auv tasks/action_task/install/local_setup.zsh'
[2.554s] INFO:colcon.colcon_core.shell:Creating prefix chain script '/home/legenraw/auv tasks/action_task/install/setup.zsh'
