running egg_info
creating ../../build/action_code/action_code.egg-info
writing ../../build/action_code/action_code.egg-info/PKG-INFO
writing dependency_links to ../../build/action_code/action_code.egg-info/dependency_links.txt
writing entry points to ../../build/action_code/action_code.egg-info/entry_points.txt
writing requirements to ../../build/action_code/action_code.egg-info/requires.txt
writing top-level names to ../../build/action_code/action_code.egg-info/top_level.txt
writing manifest file '../../build/action_code/action_code.egg-info/SOURCES.txt'
reading manifest file '../../build/action_code/action_code.egg-info/SOURCES.txt'
adding license file 'LICENSE'
writing manifest file '../../build/action_code/action_code.egg-info/SOURCES.txt'
running build
running build_py
creating /home/legenraw/auv tasks/action_task/build/action_code/build
creating /home/legenraw/auv tasks/action_task/build/action_code/build/lib
creating /home/legenraw/auv tasks/action_task/build/action_code/build/lib/action_code
copying action_code/__init__.py -> /home/legenraw/auv tasks/action_task/build/action_code/build/lib/action_code
running install
running install_lib
creating /home/legenraw/auv tasks/action_task/install/action_code/lib/python3.10/site-packages/action_code
copying /home/legenraw/auv tasks/action_task/build/action_code/build/lib/action_code/__init__.py -> /home/legenraw/auv tasks/action_task/install/action_code/lib/python3.10/site-packages/action_code
byte-compiling /home/legenraw/auv tasks/action_task/install/action_code/lib/python3.10/site-packages/action_code/__init__.py to __init__.cpython-310.pyc
running install_data
creating /home/legenraw/auv tasks/action_task/install/action_code/share/ament_index
creating /home/legenraw/auv tasks/action_task/install/action_code/share/ament_index/resource_index
creating /home/legenraw/auv tasks/action_task/install/action_code/share/ament_index/resource_index/packages
copying resource/action_code -> /home/legenraw/auv tasks/action_task/install/action_code/share/ament_index/resource_index/packages
copying package.xml -> /home/legenraw/auv tasks/action_task/install/action_code/share/action_code
running install_egg_info
Copying ../../build/action_code/action_code.egg-info to /home/legenraw/auv tasks/action_task/install/action_code/lib/python3.10/site-packages/action_code-0.0.0-py3.10.egg-info
running install_scripts
writing list of installed files to '/home/legenraw/auv tasks/action_task/build/action_code/install.log'
