[0.280s] Invoking command in '/home/legenraw/auv tasks/action_task/src/action_code': PYTHONPATH=/home/legenraw/auv tasks/action_task/build/action_code/prefix_override:/usr/lib/python3/dist-packages/colcon_core/task/python/colcon_distutils_commands:/home/legenraw/auv tasks/action_task/install/action_code/lib/python3.10/site-packages:${PYTHONPATH} /usr/bin/python3 -W ignore:setup.py install is deprecated -W ignore:easy_install command is deprecated setup.py egg_info --egg-base ../../build/action_code build --build-base /home/legenraw/auv tasks/action_task/build/action_code/build install --record /home/legenraw/auv tasks/action_task/build/action_code/install.log --single-version-externally-managed install_data
[0.383s] running egg_info
[0.383s] writing ../../build/action_code/action_code.egg-info/PKG-INFO
[0.383s] writing dependency_links to ../../build/action_code/action_code.egg-info/dependency_links.txt
[0.383s] writing entry points to ../../build/action_code/action_code.egg-info/entry_points.txt
[0.383s] writing requirements to ../../build/action_code/action_code.egg-info/requires.txt
[0.383s] writing top-level names to ../../build/action_code/action_code.egg-info/top_level.txt
[0.384s] reading manifest file '../../build/action_code/action_code.egg-info/SOURCES.txt'
[0.384s] adding license file 'LICENSE'
[0.384s] writing manifest file '../../build/action_code/action_code.egg-info/SOURCES.txt'
[0.385s] running build
[0.385s] running build_py
[0.385s] copying action_code/action_server.py -> /home/legenraw/auv tasks/action_task/build/action_code/build/lib/action_code
[0.385s] running install
[0.385s] running install_lib
[0.386s] copying /home/legenraw/auv tasks/action_task/build/action_code/build/lib/action_code/action_server.py -> /home/legenraw/auv tasks/action_task/install/action_code/lib/python3.10/site-packages/action_code
[0.386s] byte-compiling /home/legenraw/auv tasks/action_task/install/action_code/lib/python3.10/site-packages/action_code/action_server.py to action_server.cpython-310.pyc
[0.386s] running install_data
[0.386s] running install_egg_info
[0.387s] removing '/home/legenraw/auv tasks/action_task/install/action_code/lib/python3.10/site-packages/action_code-0.0.0-py3.10.egg-info' (and everything under it)
[0.387s] Copying ../../build/action_code/action_code.egg-info to /home/legenraw/auv tasks/action_task/install/action_code/lib/python3.10/site-packages/action_code-0.0.0-py3.10.egg-info
[0.387s] running install_scripts
[0.397s] writing list of installed files to '/home/legenraw/auv tasks/action_task/build/action_code/install.log'
